Component: ARM Compiler 5.06 update 6 (build 750) Tool: armlink [4d35ed]

==============================================================================

Section Cross References

    stm32f10x.o(RESET) refers to stm32f10x.o(STACK) for __initial_sp
    stm32f10x.o(RESET) refers to stm32f10x.o(.text) for Reset_Handler
    stm32f10x.o(RESET) refers to port.o(.emb_text) for vPortSVCHandler
    stm32f10x.o(RESET) refers to port.o(.text) for xPortSysTickHandler
    stm32f10x.o(.text) refers to entry.o(.ARM.Collect$$$$00000000) for __main
    stm32f10x_usart.o(.text) refers to stm32f10x_rcc.o(.text) for RCC_APB2PeriphResetCmd
    stm32f10x_gpio.o(.text) refers to stm32f10x_rcc.o(.text) for RCC_APB2PeriphResetCmd
    stm32f10x_nvic.o(.text) refers to cortexm3_macro_rvds.o(.text) for __SETPRIMASK
    stm32f10x_rcc.o(.text) refers to stm32f10x_rcc.o(.constdata) for APBAHBPrescTable
    stm32f10x_spi.o(.text) refers to stm32f10x_rcc.o(.text) for RCC_APB2PeriphResetCmd
    stm32f10x_tim.o(.text) refers to stm32f10x_rcc.o(.text) for RCC_APB1PeriphResetCmd
    stm32f10x_tim.o(.text) refers to stm32f10x_tim.o(.constdata) for Tab_OCModeMask
    serial.o(.text) refers to stm32f10x_rcc.o(.text) for RCC_APB2PeriphClockCmd
    serial.o(.text) refers to stm32f10x_gpio.o(.text) for GPIO_Init
    serial.o(.text) refers to stm32f10x_usart.o(.text) for USART_Init
    main.o(.text) refers to tasks.o(.text) for vTaskDelay
    main.o(.text) refers to stm32f10x_rcc.o(.text) for RCC_DeInit
    main.o(.text) refers to stm32f10x_nvic.o(.text) for NVIC_SetVectorTable
    main.o(.text) refers to stm32f10x_systick.o(.text) for SysTick_CLKSourceConfig
    main.o(.text) refers to serial.o(.text) for SerialPortInit
    main.o(.text) refers to main.o(.data) for a
    tasks.o(.text) refers to list.o(.text) for vListInitialise
    tasks.o(.text) refers to port.o(.text) for vPortEnterCritical
    tasks.o(.text) refers to heap_2.o(.text) for pvPortMalloc
    tasks.o(.text) refers to tasks.o(.bss) for pxReadyTasksLists
    tasks.o(.text) refers to tasks.o(.data) for pxDelayedTaskList
    tasks.o(.text) refers to main.o(.text) for vApplicationIdleHook
    queue.o(.text) refers to port.o(.text) for vPortEnterCritical
    queue.o(.text) refers to tasks.o(.text) for xTaskRemoveFromEventList
    queue.o(.text) refers to list.o(.text) for vListInitialise
    queue.o(.text) refers to heap_2.o(.text) for pvPortMalloc
    queue.o(.text) refers to memcpya.o(.text) for __aeabi_memcpy
    port.o(.emb_text) refers to tasks.o(.text) for vTaskSwitchContext
    port.o(.emb_text) refers to tasks.o(.data) for pxCurrentTCB
    port.o(.text) refers to port.o(.emb_text) for __asm___6_port_c_39a90d8d__prvStartFirstTask
    port.o(.text) refers to tasks.o(.text) for xTaskIncrementTick
    port.o(.text) refers to port.o(.data) for uxCriticalNesting
    heap_2.o(.text) refers to tasks.o(.text) for vTaskSuspendAll
    heap_2.o(.text) refers to heap_2.o(.bss) for ucHeap
    heap_2.o(.text) refers to heap_2.o(.data) for xStart
    entry.o(.ARM.Collect$$$$00000000) refers (Special) to entry10a.o(.ARM.Collect$$$$0000000D) for __rt_final_cpp
    entry.o(.ARM.Collect$$$$00000000) refers (Special) to entry11a.o(.ARM.Collect$$$$0000000F) for __rt_final_exit
    entry.o(.ARM.Collect$$$$00000000) refers (Special) to entry7b.o(.ARM.Collect$$$$00000008) for _main_clock
    entry.o(.ARM.Collect$$$$00000000) refers (Special) to entry8b.o(.ARM.Collect$$$$0000000A) for _main_cpp_init
    entry.o(.ARM.Collect$$$$00000000) refers (Special) to entry9a.o(.ARM.Collect$$$$0000000B) for _main_init
    entry.o(.ARM.Collect$$$$00000000) refers (Special) to entry5.o(.ARM.Collect$$$$00000004) for _main_scatterload
    entry.o(.ARM.Collect$$$$00000000) refers (Special) to entry2.o(.ARM.Collect$$$$00000001) for _main_stk
    entry2.o(.ARM.Collect$$$$00000001) refers to entry2.o(.ARM.Collect$$$$00002712) for __lit__00000000
    entry2.o(.ARM.Collect$$$$00002712) refers to stm32f10x.o(STACK) for __initial_sp
    entry2.o(__vectab_stack_and_reset_area) refers to stm32f10x.o(STACK) for __initial_sp
    entry2.o(__vectab_stack_and_reset_area) refers to entry.o(.ARM.Collect$$$$00000000) for __main
    entry5.o(.ARM.Collect$$$$00000004) refers to init.o(.text) for __scatterload
    entry9a.o(.ARM.Collect$$$$0000000B) refers to main.o(.text) for main
    entry9b.o(.ARM.Collect$$$$0000000C) refers to main.o(.text) for main
    init.o(.text) refers to entry5.o(.ARM.Collect$$$$00000004) for __main_after_scatterload


==============================================================================

Removing Unused input sections from the image.

    Removing stm32f10x.o(HEAP), (0 bytes).
    Removing stm32f10x_spi.o(.text), (532 bytes).
    Removing stm32f10x_tim.o(.text), (2148 bytes).
    Removing stm32f10x_tim.o(.constdata), (16 bytes).
    Removing queue.o(.text), (2204 bytes).

5 unused section(s) (total 4900 bytes) removed from the image.

==============================================================================

Image Symbol Table

    Local Symbols

    Symbol Name                              Value     Ov Type        Size  Object(Section)

    ../clib/microlib/init/entry.s            0x00000000   Number         0  entry9b.o ABSOLUTE
    ../clib/microlib/init/entry.s            0x00000000   Number         0  entry8b.o ABSOLUTE
    ../clib/microlib/init/entry.s            0x00000000   Number         0  entry8a.o ABSOLUTE
    ../clib/microlib/init/entry.s            0x00000000   Number         0  entry7b.o ABSOLUTE
    ../clib/microlib/init/entry.s            0x00000000   Number         0  entry7a.o ABSOLUTE
    ../clib/microlib/init/entry.s            0x00000000   Number         0  entry5.o ABSOLUTE
    ../clib/microlib/init/entry.s            0x00000000   Number         0  entry2.o ABSOLUTE
    ../clib/microlib/init/entry.s            0x00000000   Number         0  entry9a.o ABSOLUTE
    ../clib/microlib/init/entry.s            0x00000000   Number         0  entry.o ABSOLUTE
    ../clib/microlib/init/entry.s            0x00000000   Number         0  entry11b.o ABSOLUTE
    ../clib/microlib/init/entry.s            0x00000000   Number         0  entry11a.o ABSOLUTE
    ../clib/microlib/init/entry.s            0x00000000   Number         0  entry10b.o ABSOLUTE
    ../clib/microlib/init/entry.s            0x00000000   Number         0  entry10a.o ABSOLUTE
    ../clib/microlib/string/memcpy.c         0x00000000   Number         0  memcpyb.o ABSOLUTE
    ../clib/microlib/string/memcpy.c         0x00000000   Number         0  memcpya.o ABSOLUTE
    ..\..\Source\list.c                      0x00000000   Number         0  list.o ABSOLUTE
    ..\..\Source\portable\MemMang\heap_2.c   0x00000000   Number         0  heap_2.o ABSOLUTE
    ..\..\Source\portable\RVDS\ARM_CM3\port.c 0x00000000   Number         0  port.o ABSOLUTE
    ..\..\Source\queue.c                     0x00000000   Number         0  queue.o ABSOLUTE
    ..\..\Source\tasks.c                     0x00000000   Number         0  tasks.o ABSOLUTE
    ..\Common\drivers\ST\STM32F10xFWLib\src\cortexm3_macro_rvds.s 0x00000000   Number         0  cortexm3_macro_rvds.o ABSOLUTE
    ..\\..\\Source\\portable\\RVDS\\ARM_CM3\\port.c 0x00000000   Number         0  port.o ABSOLUTE
    STM32F10x.s                              0x00000000   Number         0  stm32f10x.o ABSOLUTE
    STM32F10xFWLib\src\stm32f10x_gpio.c      0x00000000   Number         0  stm32f10x_gpio.o ABSOLUTE
    STM32F10xFWLib\src\stm32f10x_lib.c       0x00000000   Number         0  stm32f10x_lib.o ABSOLUTE
    STM32F10xFWLib\src\stm32f10x_nvic.c      0x00000000   Number         0  stm32f10x_nvic.o ABSOLUTE
    STM32F10xFWLib\src\stm32f10x_rcc.c       0x00000000   Number         0  stm32f10x_rcc.o ABSOLUTE
    STM32F10xFWLib\src\stm32f10x_spi.c       0x00000000   Number         0  stm32f10x_spi.o ABSOLUTE
    STM32F10xFWLib\src\stm32f10x_systick.c   0x00000000   Number         0  stm32f10x_systick.o ABSOLUTE
    STM32F10xFWLib\src\stm32f10x_tim.c       0x00000000   Number         0  stm32f10x_tim.o ABSOLUTE
    STM32F10xFWLib\src\stm32f10x_usart.c     0x00000000   Number         0  stm32f10x_usart.o ABSOLUTE
    dc.s                                     0x00000000   Number         0  dc.o ABSOLUTE
    handlers.s                               0x00000000   Number         0  handlers.o ABSOLUTE
    init.s                                   0x00000000   Number         0  init.o ABSOLUTE
    main.c                                   0x00000000   Number         0  main.o ABSOLUTE
    serial\serial.c                          0x00000000   Number         0  serial.o ABSOLUTE
    RESET                                    0x08000000   Section      236  stm32f10x.o(RESET)
    .ARM.Collect$$$$00000000                 0x080000ec   Section        0  entry.o(.ARM.Collect$$$$00000000)
    .ARM.Collect$$$$00000001                 0x080000ec   Section        4  entry2.o(.ARM.Collect$$$$00000001)
    .ARM.Collect$$$$00000004                 0x080000f0   Section        4  entry5.o(.ARM.Collect$$$$00000004)
    .ARM.Collect$$$$00000008                 0x080000f4   Section        0  entry7b.o(.ARM.Collect$$$$00000008)
    .ARM.Collect$$$$0000000A                 0x080000f4   Section        0  entry8b.o(.ARM.Collect$$$$0000000A)
    .ARM.Collect$$$$0000000B                 0x080000f4   Section        8  entry9a.o(.ARM.Collect$$$$0000000B)
    .ARM.Collect$$$$0000000D                 0x080000fc   Section        0  entry10a.o(.ARM.Collect$$$$0000000D)
    .ARM.Collect$$$$0000000F                 0x080000fc   Section        0  entry11a.o(.ARM.Collect$$$$0000000F)
    .ARM.Collect$$$$00002712                 0x080000fc   Section        4  entry2.o(.ARM.Collect$$$$00002712)
    __lit__00000000                          0x080000fc   Data           4  entry2.o(.ARM.Collect$$$$00002712)
    .emb_text                                0x08000100   Section      150  port.o(.emb_text)
    .text                                    0x08000198   Section       28  stm32f10x.o(.text)
    .text                                    0x080001b4   Section      110  cortexm3_macro_rvds.o(.text)
    .text                                    0x08000224   Section        0  stm32f10x_usart.o(.text)
    .text                                    0x08000548   Section        0  stm32f10x_gpio.o(.text)
    .text                                    0x08000828   Section        0  stm32f10x_nvic.o(.text)
    .text                                    0x08000c08   Section        0  stm32f10x_rcc.o(.text)
    .text                                    0x08000f84   Section        0  stm32f10x_systick.o(.text)
    .text                                    0x08001048   Section        0  serial.o(.text)
    .text                                    0x080010f0   Section        0  main.o(.text)
    prvSetupHardware                         0x0800113b   Thumb Code   142  main.o(.text)
    .text                                    0x08001220   Section        0  tasks.o(.text)
    prvInitialiseTaskLists                   0x08001221   Thumb Code    70  tasks.o(.text)
    prvAddNewTaskToReadyList                 0x08001267   Thumb Code   200  tasks.o(.text)
    prvInitialiseNewTask                     0x0800132f   Thumb Code   138  tasks.o(.text)
    prvResetNextTaskUnblockTime              0x08001419   Thumb Code    40  tasks.o(.text)
    prvDeleteTCB                             0x08001441   Thumb Code    18  tasks.o(.text)
    prvAddCurrentTaskToDelayedList           0x080017e5   Thumb Code   164  tasks.o(.text)
    prvTaskIsTaskSuspended                   0x08001bd1   Thumb Code    56  tasks.o(.text)
    prvCheckTasksWaitingTermination          0x08001d63   Thumb Code    60  tasks.o(.text)
    prvIdleTask                              0x08001d9f   Thumb Code    36  tasks.o(.text)
    .text                                    0x080027a6   Section        0  list.o(.text)
    .text                                    0x0800283c   Section        0  port.o(.text)
    prvTaskExitError                         0x0800283d   Thumb Code    22  port.o(.text)
    .text                                    0x0800292c   Section        0  heap_2.o(.text)
    prvHeapInit                              0x0800292d   Thumb Code    42  heap_2.o(.text)
    .text                                    0x08002a68   Section       36  init.o(.text)
    i.__scatterload_copy                     0x08002a8c   Section       14  handlers.o(i.__scatterload_copy)
    i.__scatterload_null                     0x08002a9a   Section        2  handlers.o(i.__scatterload_null)
    i.__scatterload_zeroinit                 0x08002a9c   Section       14  handlers.o(i.__scatterload_zeroinit)
    .constdata                               0x08002aaa   Section       20  stm32f10x_rcc.o(.constdata)
    APBAHBPrescTable                         0x08002aaa   Data          16  stm32f10x_rcc.o(.constdata)
    ADCPrescTable                            0x08002aba   Data           4  stm32f10x_rcc.o(.constdata)
    .data                                    0x20000000   Section        8  main.o(.data)
    .data                                    0x20000008   Section       64  tasks.o(.data)
    pxDelayedTaskList                        0x2000000c   Data           4  tasks.o(.data)
    pxOverflowDelayedTaskList                0x20000010   Data           4  tasks.o(.data)
    uxDeletedTasksWaitingCleanUp             0x20000014   Data           4  tasks.o(.data)
    uxCurrentNumberOfTasks                   0x20000018   Data           4  tasks.o(.data)
    xTickCount                               0x2000001c   Data           4  tasks.o(.data)
    uxTopReadyPriority                       0x20000020   Data           4  tasks.o(.data)
    xSchedulerRunning                        0x20000024   Data           4  tasks.o(.data)
    xPendedTicks                             0x20000028   Data           4  tasks.o(.data)
    xYieldPending                            0x2000002c   Data           4  tasks.o(.data)
    xNumOfOverflows                          0x20000030   Data           4  tasks.o(.data)
    uxTaskNumber                             0x20000034   Data           4  tasks.o(.data)
    xNextTaskUnblockTime                     0x20000038   Data           4  tasks.o(.data)
    xIdleTaskHandle                          0x2000003c   Data           4  tasks.o(.data)
    uxSchedulerSuspended                     0x20000044   Data           4  tasks.o(.data)
    .data                                    0x20000048   Section        4  port.o(.data)
    uxCriticalNesting                        0x20000048   Data           4  port.o(.data)
    .data                                    0x2000004c   Section       24  heap_2.o(.data)
    xStart                                   0x2000004c   Data           8  heap_2.o(.data)
    xEnd                                     0x20000054   Data           8  heap_2.o(.data)
    xFreeBytesRemaining                      0x2000005c   Data           4  heap_2.o(.data)
    xHeapHasBeenInitialised                  0x20000060   Data           4  heap_2.o(.data)
    .bss                                     0x20000064   Section      200  tasks.o(.bss)
    pxReadyTasksLists                        0x20000064   Data         100  tasks.o(.bss)
    xDelayedTaskList1                        0x200000c8   Data          20  tasks.o(.bss)
    xDelayedTaskList2                        0x200000dc   Data          20  tasks.o(.bss)
    xPendingReadyList                        0x200000f0   Data          20  tasks.o(.bss)
    xTasksWaitingTermination                 0x20000104   Data          20  tasks.o(.bss)
    xSuspendedTaskList                       0x20000118   Data          20  tasks.o(.bss)
    .bss                                     0x2000012c   Section    17408  heap_2.o(.bss)
    ucHeap                                   0x2000012c   Data       17408  heap_2.o(.bss)
    STACK                                    0x20004530   Section      512  stm32f10x.o(STACK)

    Global Symbols

    Symbol Name                              Value     Ov Type        Size  Object(Section)

    BuildAttributes$$THM_ISAv4$P$D$K$B$S$PE$A:L22UL41UL21$X:L11$S22US41US21$IEEE1$IW$USESV6$~STKCKD$USESV7$~SHL$OSPACE$EBA8$MICROLIB$REQ8$PRES8$EABIv2 0x00000000   Number         0  anon$$obj.o ABSOLUTE
    __ARM_use_no_argv                        0x00000000   Number         0  main.o ABSOLUTE
    __cpp_initialize__aeabi_                  - Undefined Weak Reference
    __cxa_finalize                            - Undefined Weak Reference
    __decompress                              - Undefined Weak Reference
    _clock_init                               - Undefined Weak Reference
    _microlib_exit                            - Undefined Weak Reference
    __Vectors                                0x08000000   Data           4  stm32f10x.o(RESET)
    __main                                   0x080000ed   Thumb Code     0  entry.o(.ARM.Collect$$$$00000000)
    _main_stk                                0x080000ed   Thumb Code     0  entry2.o(.ARM.Collect$$$$00000001)
    _main_scatterload                        0x080000f1   Thumb Code     0  entry5.o(.ARM.Collect$$$$00000004)
    __main_after_scatterload                 0x080000f5   Thumb Code     0  entry5.o(.ARM.Collect$$$$00000004)
    _main_clock                              0x080000f5   Thumb Code     0  entry7b.o(.ARM.Collect$$$$00000008)
    _main_cpp_init                           0x080000f5   Thumb Code     0  entry8b.o(.ARM.Collect$$$$0000000A)
    _main_init                               0x080000f5   Thumb Code     0  entry9a.o(.ARM.Collect$$$$0000000B)
    __rt_final_cpp                           0x080000fd   Thumb Code     0  entry10a.o(.ARM.Collect$$$$0000000D)
    __rt_final_exit                          0x080000fd   Thumb Code     0  entry11a.o(.ARM.Collect$$$$0000000F)
    vPortSVCHandler                          0x08000101   Thumb Code    32  port.o(.emb_text)
    __asm___6_port_c_39a90d8d__prvStartFirstTask 0x08000125   Thumb Code    28  port.o(.emb_text)
    xPortPendSVHandler                       0x08000145   Thumb Code    72  port.o(.emb_text)
    vPortGetIPSR                             0x08000191   Thumb Code     6  port.o(.emb_text)
    Reset_Handler                            0x08000199   Thumb Code     4  stm32f10x.o(.text)
    NMI_Handler                              0x0800019d   Thumb Code     2  stm32f10x.o(.text)
    HardFault_Handler                        0x0800019f   Thumb Code     2  stm32f10x.o(.text)
    MemManage_Handler                        0x080001a1   Thumb Code     2  stm32f10x.o(.text)
    BusFault_Handler                         0x080001a3   Thumb Code     2  stm32f10x.o(.text)
    UsageFault_Handler                       0x080001a5   Thumb Code     2  stm32f10x.o(.text)
    SVC_Handler                              0x080001a7   Thumb Code     2  stm32f10x.o(.text)
    DebugMon_Handler                         0x080001a9   Thumb Code     2  stm32f10x.o(.text)
    PendSV_Handler                           0x080001ab   Thumb Code     2  stm32f10x.o(.text)
    SysTick_Handler                          0x080001ad   Thumb Code     2  stm32f10x.o(.text)
    ADC_IRQHandler                           0x080001af   Thumb Code     0  stm32f10x.o(.text)
    CAN_RX1_IRQHandler                       0x080001af   Thumb Code     0  stm32f10x.o(.text)
    CAN_SCE_IRQHandler                       0x080001af   Thumb Code     0  stm32f10x.o(.text)
    DMAChannel1_IRQHandler                   0x080001af   Thumb Code     0  stm32f10x.o(.text)
    DMAChannel2_IRQHandler                   0x080001af   Thumb Code     0  stm32f10x.o(.text)
    DMAChannel3_IRQHandler                   0x080001af   Thumb Code     0  stm32f10x.o(.text)
    DMAChannel4_IRQHandler                   0x080001af   Thumb Code     0  stm32f10x.o(.text)
    DMAChannel5_IRQHandler                   0x080001af   Thumb Code     0  stm32f10x.o(.text)
    DMAChannel6_IRQHandler                   0x080001af   Thumb Code     0  stm32f10x.o(.text)
    DMAChannel7_IRQHandler                   0x080001af   Thumb Code     0  stm32f10x.o(.text)
    EXTI0_IRQHandler                         0x080001af   Thumb Code     0  stm32f10x.o(.text)
    EXTI15_10_IRQHandler                     0x080001af   Thumb Code     0  stm32f10x.o(.text)
    EXTI1_IRQHandler                         0x080001af   Thumb Code     0  stm32f10x.o(.text)
    EXTI2_IRQHandler                         0x080001af   Thumb Code     0  stm32f10x.o(.text)
    EXTI3_IRQHandler                         0x080001af   Thumb Code     0  stm32f10x.o(.text)
    EXTI4_IRQHandler                         0x080001af   Thumb Code     0  stm32f10x.o(.text)
    EXTI9_5_IRQHandler                       0x080001af   Thumb Code     0  stm32f10x.o(.text)
    FLASH_IRQHandler                         0x080001af   Thumb Code     0  stm32f10x.o(.text)
    I2C1_ER_IRQHandler                       0x080001af   Thumb Code     0  stm32f10x.o(.text)
    I2C1_EV_IRQHandler                       0x080001af   Thumb Code     0  stm32f10x.o(.text)
    I2C2_ER_IRQHandler                       0x080001af   Thumb Code     0  stm32f10x.o(.text)
    I2C2_EV_IRQHandler                       0x080001af   Thumb Code     0  stm32f10x.o(.text)
    PVD_IRQHandler                           0x080001af   Thumb Code     0  stm32f10x.o(.text)
    RCC_IRQHandler                           0x080001af   Thumb Code     0  stm32f10x.o(.text)
    RTCAlarm_IRQHandler                      0x080001af   Thumb Code     0  stm32f10x.o(.text)
    RTC_IRQHandler                           0x080001af   Thumb Code     0  stm32f10x.o(.text)
    SPI1_IRQHandler                          0x080001af   Thumb Code     0  stm32f10x.o(.text)
    SPI2_IRQHandler                          0x080001af   Thumb Code     0  stm32f10x.o(.text)
    TAMPER_IRQHandler                        0x080001af   Thumb Code     0  stm32f10x.o(.text)
    TIM1_BRK_IRQHandler                      0x080001af   Thumb Code     0  stm32f10x.o(.text)
    TIM1_CC_IRQHandler                       0x080001af   Thumb Code     0  stm32f10x.o(.text)
    TIM1_TRG_COM_IRQHandler                  0x080001af   Thumb Code     0  stm32f10x.o(.text)
    TIM1_UP_IRQHandler                       0x080001af   Thumb Code     0  stm32f10x.o(.text)
    TIM2_IRQHandler                          0x080001af   Thumb Code     0  stm32f10x.o(.text)
    TIM3_IRQHandler                          0x080001af   Thumb Code     0  stm32f10x.o(.text)
    TIM4_IRQHandler                          0x080001af   Thumb Code     0  stm32f10x.o(.text)
    USART1_IRQHandler                        0x080001af   Thumb Code     0  stm32f10x.o(.text)
    USART2_IRQHandler                        0x080001af   Thumb Code     0  stm32f10x.o(.text)
    USART3_IRQHandler                        0x080001af   Thumb Code     0  stm32f10x.o(.text)
    USBWakeUp_IRQHandler                     0x080001af   Thumb Code     0  stm32f10x.o(.text)
    USB_HP_CAN_TX_IRQHandler                 0x080001af   Thumb Code     0  stm32f10x.o(.text)
    USB_LP_CAN_RX0_IRQHandler                0x080001af   Thumb Code     0  stm32f10x.o(.text)
    WWDG_IRQHandler                          0x080001af   Thumb Code     0  stm32f10x.o(.text)
    __WFI                                    0x080001b5   Thumb Code     0  cortexm3_macro_rvds.o(.text)
    __WFE                                    0x080001b9   Thumb Code     0  cortexm3_macro_rvds.o(.text)
    __SEV                                    0x080001bd   Thumb Code     0  cortexm3_macro_rvds.o(.text)
    __ISB                                    0x080001c1   Thumb Code     0  cortexm3_macro_rvds.o(.text)
    __DSB                                    0x080001c7   Thumb Code     0  cortexm3_macro_rvds.o(.text)
    __DMB                                    0x080001cd   Thumb Code     0  cortexm3_macro_rvds.o(.text)
    __SVC                                    0x080001d3   Thumb Code     0  cortexm3_macro_rvds.o(.text)
    __MRS_CONTROL                            0x080001d7   Thumb Code     0  cortexm3_macro_rvds.o(.text)
    __MSR_CONTROL                            0x080001dd   Thumb Code     0  cortexm3_macro_rvds.o(.text)
    __MRS_PSP                                0x080001e7   Thumb Code     0  cortexm3_macro_rvds.o(.text)
    __MSR_PSP                                0x080001ed   Thumb Code     0  cortexm3_macro_rvds.o(.text)
    __MRS_MSP                                0x080001f3   Thumb Code     0  cortexm3_macro_rvds.o(.text)
    __MSR_MSP                                0x080001f9   Thumb Code     0  cortexm3_macro_rvds.o(.text)
    __SETPRIMASK                             0x080001ff   Thumb Code     0  cortexm3_macro_rvds.o(.text)
    __RESETPRIMASK                           0x08000203   Thumb Code     0  cortexm3_macro_rvds.o(.text)
    __SETFAULTMASK                           0x08000207   Thumb Code     0  cortexm3_macro_rvds.o(.text)
    __RESETFAULTMASK                         0x0800020b   Thumb Code     0  cortexm3_macro_rvds.o(.text)
    __BASEPRICONFIG                          0x0800020f   Thumb Code     0  cortexm3_macro_rvds.o(.text)
    __GetBASEPRI                             0x08000215   Thumb Code     0  cortexm3_macro_rvds.o(.text)
    __REV_HalfWord                           0x0800021b   Thumb Code     0  cortexm3_macro_rvds.o(.text)
    __REV_Word                               0x0800021f   Thumb Code     0  cortexm3_macro_rvds.o(.text)
    USART_DeInit                             0x08000225   Thumb Code    88  stm32f10x_usart.o(.text)
    USART_Init                               0x0800027d   Thumb Code   168  stm32f10x_usart.o(.text)
    USART_StructInit                         0x08000325   Thumb Code    32  stm32f10x_usart.o(.text)
    USART_Cmd                                0x08000345   Thumb Code    24  stm32f10x_usart.o(.text)
    USART_ITConfig                           0x0800035d   Thumb Code    64  stm32f10x_usart.o(.text)
    USART_DMACmd                             0x0800039d   Thumb Code    18  stm32f10x_usart.o(.text)
    USART_SetAddress                         0x080003af   Thumb Code    18  stm32f10x_usart.o(.text)
    USART_WakeUpConfig                       0x080003c1   Thumb Code    18  stm32f10x_usart.o(.text)
    USART_ReceiverWakeUpCmd                  0x080003d3   Thumb Code    24  stm32f10x_usart.o(.text)
    USART_LINBreakDetectLengthConfig         0x080003eb   Thumb Code    18  stm32f10x_usart.o(.text)
    USART_LINCmd                             0x080003fd   Thumb Code    24  stm32f10x_usart.o(.text)
    USART_SendData                           0x08000415   Thumb Code     8  stm32f10x_usart.o(.text)
    USART_ReceiveData                        0x0800041d   Thumb Code    10  stm32f10x_usart.o(.text)
    USART_SendBreak                          0x08000427   Thumb Code    10  stm32f10x_usart.o(.text)
    USART_SetGuardTime                       0x08000431   Thumb Code    16  stm32f10x_usart.o(.text)
    USART_SetPrescaler                       0x08000441   Thumb Code    16  stm32f10x_usart.o(.text)
    USART_SmartCardCmd                       0x08000451   Thumb Code    24  stm32f10x_usart.o(.text)
    USART_SmartCardNACKCmd                   0x08000469   Thumb Code    24  stm32f10x_usart.o(.text)
    USART_HalfDuplexCmd                      0x08000481   Thumb Code    24  stm32f10x_usart.o(.text)
    USART_IrDAConfig                         0x08000499   Thumb Code    18  stm32f10x_usart.o(.text)
    USART_IrDACmd                            0x080004ab   Thumb Code    24  stm32f10x_usart.o(.text)
    USART_GetFlagStatus                      0x080004c3   Thumb Code    18  stm32f10x_usart.o(.text)
    USART_ClearFlag                          0x080004d5   Thumb Code     8  stm32f10x_usart.o(.text)
    USART_GetITStatus                        0x080004dd   Thumb Code    76  stm32f10x_usart.o(.text)
    USART_ClearITPendingBit                  0x08000529   Thumb Code    22  stm32f10x_usart.o(.text)
    GPIO_DeInit                              0x08000549   Thumb Code   138  stm32f10x_gpio.o(.text)
    GPIO_AFIODeInit                          0x080005d3   Thumb Code    20  stm32f10x_gpio.o(.text)
    GPIO_Init                                0x080005e7   Thumb Code   278  stm32f10x_gpio.o(.text)
    GPIO_StructInit                          0x080006fd   Thumb Code    16  stm32f10x_gpio.o(.text)
    GPIO_ReadInputDataBit                    0x0800070d   Thumb Code    18  stm32f10x_gpio.o(.text)
    GPIO_ReadInputData                       0x0800071f   Thumb Code     8  stm32f10x_gpio.o(.text)
    GPIO_ReadOutputDataBit                   0x08000727   Thumb Code    18  stm32f10x_gpio.o(.text)
    GPIO_ReadOutputData                      0x08000739   Thumb Code     8  stm32f10x_gpio.o(.text)
    GPIO_WriteBit                            0x08000741   Thumb Code    10  stm32f10x_gpio.o(.text)
    GPIO_Write                               0x0800074b   Thumb Code     4  stm32f10x_gpio.o(.text)
    GPIO_PinLockConfig                       0x0800074f   Thumb Code    18  stm32f10x_gpio.o(.text)
    GPIO_EventOutputConfig                   0x08000761   Thumb Code    26  stm32f10x_gpio.o(.text)
    GPIO_EventOutputCmd                      0x0800077b   Thumb Code     6  stm32f10x_gpio.o(.text)
    GPIO_PinRemapConfig                      0x08000781   Thumb Code    86  stm32f10x_gpio.o(.text)
    GPIO_EXTILineConfig                      0x080007d7   Thumb Code    66  stm32f10x_gpio.o(.text)
    NVIC_DeInit                              0x08000829   Thumb Code    54  stm32f10x_nvic.o(.text)
    NVIC_SCBDeInit                           0x0800085f   Thumb Code    76  stm32f10x_nvic.o(.text)
    NVIC_PriorityGroupConfig                 0x080008ab   Thumb Code    12  stm32f10x_nvic.o(.text)
    NVIC_Init                                0x080008b7   Thumb Code   152  stm32f10x_nvic.o(.text)
    NVIC_StructInit                          0x0800094f   Thumb Code    12  stm32f10x_nvic.o(.text)
    NVIC_SETPRIMASK                          0x0800095b   Thumb Code     8  stm32f10x_nvic.o(.text)
    NVIC_RESETPRIMASK                        0x08000963   Thumb Code     8  stm32f10x_nvic.o(.text)
    NVIC_SETFAULTMASK                        0x0800096b   Thumb Code     8  stm32f10x_nvic.o(.text)
    NVIC_RESETFAULTMASK                      0x08000973   Thumb Code     8  stm32f10x_nvic.o(.text)
    NVIC_BASEPRICONFIG                       0x0800097b   Thumb Code    12  stm32f10x_nvic.o(.text)
    NVIC_GetBASEPRI                          0x08000987   Thumb Code     8  stm32f10x_nvic.o(.text)
    NVIC_GetCurrentPendingIRQChannel         0x0800098f   Thumb Code    10  stm32f10x_nvic.o(.text)
    NVIC_GetIRQChannelPendingBitStatus       0x08000999   Thumb Code    42  stm32f10x_nvic.o(.text)
    NVIC_SetIRQChannelPendingBit             0x080009c3   Thumb Code     6  stm32f10x_nvic.o(.text)
    NVIC_ClearIRQChannelPendingBit           0x080009c9   Thumb Code    20  stm32f10x_nvic.o(.text)
    NVIC_GetCurrentActiveHandler             0x080009dd   Thumb Code    10  stm32f10x_nvic.o(.text)
    NVIC_GetIRQChannelActiveBitStatus        0x080009e7   Thumb Code    42  stm32f10x_nvic.o(.text)
    NVIC_GetCPUID                            0x08000a11   Thumb Code     8  stm32f10x_nvic.o(.text)
    NVIC_SetVectorTable                      0x08000a19   Thumb Code    22  stm32f10x_nvic.o(.text)
    NVIC_GenerateSystemReset                 0x08000a2f   Thumb Code    12  stm32f10x_nvic.o(.text)
    NVIC_GenerateCoreReset                   0x08000a3b   Thumb Code    12  stm32f10x_nvic.o(.text)
    NVIC_SystemLPConfig                      0x08000a47   Thumb Code    34  stm32f10x_nvic.o(.text)
    NVIC_SystemHandlerConfig                 0x08000a69   Thumb Code    48  stm32f10x_nvic.o(.text)
    NVIC_SystemHandlerPriorityConfig         0x08000a99   Thumb Code   110  stm32f10x_nvic.o(.text)
    NVIC_GetSystemHandlerPendingBitStatus    0x08000b07   Thumb Code    44  stm32f10x_nvic.o(.text)
    NVIC_SetSystemHandlerPendingBit          0x08000b33   Thumb Code    22  stm32f10x_nvic.o(.text)
    NVIC_ClearSystemHandlerPendingBit        0x08000b49   Thumb Code    26  stm32f10x_nvic.o(.text)
    NVIC_GetSystemHandlerActiveBitStatus     0x08000b63   Thumb Code    42  stm32f10x_nvic.o(.text)
    NVIC_GetFaultHandlerSources              0x08000b8d   Thumb Code    66  stm32f10x_nvic.o(.text)
    NVIC_GetFaultAddress                     0x08000bcf   Thumb Code    28  stm32f10x_nvic.o(.text)
    RCC_DeInit                               0x08000c09   Thumb Code    78  stm32f10x_rcc.o(.text)
    RCC_HSEConfig                            0x08000c57   Thumb Code    70  stm32f10x_rcc.o(.text)
    RCC_AdjustHSICalibrationValue            0x08000c9d   Thumb Code    20  stm32f10x_rcc.o(.text)
    RCC_HSICmd                               0x08000cb1   Thumb Code     6  stm32f10x_rcc.o(.text)
    RCC_PLLConfig                            0x08000cb7   Thumb Code    24  stm32f10x_rcc.o(.text)
    RCC_PLLCmd                               0x08000ccf   Thumb Code     6  stm32f10x_rcc.o(.text)
    RCC_SYSCLKConfig                         0x08000cd5   Thumb Code    18  stm32f10x_rcc.o(.text)
    RCC_GetSYSCLKSource                      0x08000ce7   Thumb Code    10  stm32f10x_rcc.o(.text)
    RCC_HCLKConfig                           0x08000cf1   Thumb Code    18  stm32f10x_rcc.o(.text)
    RCC_PCLK1Config                          0x08000d03   Thumb Code    18  stm32f10x_rcc.o(.text)
    RCC_PCLK2Config                          0x08000d15   Thumb Code    20  stm32f10x_rcc.o(.text)
    RCC_ITConfig                             0x08000d29   Thumb Code    26  stm32f10x_rcc.o(.text)
    RCC_USBCLKConfig                         0x08000d43   Thumb Code     8  stm32f10x_rcc.o(.text)
    RCC_ADCCLKConfig                         0x08000d4b   Thumb Code    18  stm32f10x_rcc.o(.text)
    RCC_LSEConfig                            0x08000d5d   Thumb Code    50  stm32f10x_rcc.o(.text)
    RCC_LSICmd                               0x08000d8f   Thumb Code     6  stm32f10x_rcc.o(.text)
    RCC_RTCCLKConfig                         0x08000d95   Thumb Code    12  stm32f10x_rcc.o(.text)
    RCC_RTCCLKCmd                            0x08000da1   Thumb Code     8  stm32f10x_rcc.o(.text)
    RCC_GetClocksFreq                        0x08000da9   Thumb Code   192  stm32f10x_rcc.o(.text)
    RCC_AHBPeriphClockCmd                    0x08000e69   Thumb Code    26  stm32f10x_rcc.o(.text)
    RCC_APB2PeriphClockCmd                   0x08000e83   Thumb Code    26  stm32f10x_rcc.o(.text)
    RCC_APB1PeriphClockCmd                   0x08000e9d   Thumb Code    26  stm32f10x_rcc.o(.text)
    RCC_APB2PeriphResetCmd                   0x08000eb7   Thumb Code    26  stm32f10x_rcc.o(.text)
    RCC_APB1PeriphResetCmd                   0x08000ed1   Thumb Code    26  stm32f10x_rcc.o(.text)
    RCC_BackupResetCmd                       0x08000eeb   Thumb Code     8  stm32f10x_rcc.o(.text)
    RCC_ClockSecuritySystemCmd               0x08000ef3   Thumb Code     6  stm32f10x_rcc.o(.text)
    RCC_MCOConfig                            0x08000ef9   Thumb Code     6  stm32f10x_rcc.o(.text)
    RCC_GetFlagStatus                        0x08000eff   Thumb Code    56  stm32f10x_rcc.o(.text)
    RCC_ClearFlag                            0x08000f37   Thumb Code    14  stm32f10x_rcc.o(.text)
    RCC_GetITStatus                          0x08000f45   Thumb Code    20  stm32f10x_rcc.o(.text)
    RCC_ClearITPendingBit                    0x08000f59   Thumb Code     6  stm32f10x_rcc.o(.text)
    SysTick_CLKSourceConfig                  0x08000f85   Thumb Code    40  stm32f10x_systick.o(.text)
    SysTick_SetReload                        0x08000fad   Thumb Code     8  stm32f10x_systick.o(.text)
    SysTick_CounterCmd                       0x08000fb5   Thumb Code    52  stm32f10x_systick.o(.text)
    SysTick_ITConfig                         0x08000fe9   Thumb Code    38  stm32f10x_systick.o(.text)
    SysTick_GetCounter                       0x0800100f   Thumb Code     8  stm32f10x_systick.o(.text)
    SysTick_GetFlagStatus                    0x08001017   Thumb Code    50  stm32f10x_systick.o(.text)
    SerialPortInit                           0x08001049   Thumb Code   138  serial.o(.text)
    fputc                                    0x080010d3   Thumb Code    20  serial.o(.text)
    vApplicationIdleHook                     0x080010f1   Thumb Code     2  main.o(.text)
    mydelay                                  0x080010f3   Thumb Code    28  main.o(.text)
    Task1Function                            0x0800110f   Thumb Code    22  main.o(.text)
    Task2Function                            0x08001125   Thumb Code    22  main.o(.text)
    main                                     0x080011c9   Thumb Code    58  main.o(.text)
    xTaskCreate                              0x080013b9   Thumb Code    96  tasks.o(.text)
    vTaskDelete                              0x08001453   Thumb Code   166  tasks.o(.text)
    xTaskIncrementTick                       0x080014f9   Thumb Code   438  tasks.o(.text)
    xTaskResumeAll                           0x080016af   Thumb Code   310  tasks.o(.text)
    vTaskSuspendAll                          0x08001889   Thumb Code    12  tasks.o(.text)
    xTaskDelayUntil                          0x08001895   Thumb Code   108  tasks.o(.text)
    vTaskDelay                               0x08001901   Thumb Code    46  tasks.o(.text)
    uxTaskPriorityGet                        0x0800192f   Thumb Code    30  tasks.o(.text)
    uxTaskPriorityGetFromISR                 0x0800194d   Thumb Code    52  tasks.o(.text)
    vTaskPrioritySet                         0x08001981   Thumb Code   328  tasks.o(.text)
    vTaskSwitchContext                       0x08001ac9   Thumb Code    76  tasks.o(.text)
    vTaskSuspend                             0x08001b15   Thumb Code   188  tasks.o(.text)
    vTaskResume                              0x08001c09   Thumb Code   156  tasks.o(.text)
    xTaskResumeFromISR                       0x08001ca5   Thumb Code   190  tasks.o(.text)
    vTaskStartScheduler                      0x08001dc3   Thumb Code    76  tasks.o(.text)
    vTaskEndScheduler                        0x08001e0f   Thumb Code    32  tasks.o(.text)
    xTaskGetTickCount                        0x08001e2f   Thumb Code     6  tasks.o(.text)
    xTaskGetTickCountFromISR                 0x08001e35   Thumb Code     8  tasks.o(.text)
    uxTaskGetNumberOfTasks                   0x08001e3d   Thumb Code     6  tasks.o(.text)
    pcTaskGetName                            0x08001e43   Thumb Code    20  tasks.o(.text)
    xTaskCatchUpTicks                        0x08001e57   Thumb Code    28  tasks.o(.text)
    vTaskPlaceOnEventList                    0x08001e73   Thumb Code   110  tasks.o(.text)
    vTaskPlaceOnUnorderedEventList           0x08001ee1   Thumb Code    74  tasks.o(.text)
    xTaskRemoveFromEventList                 0x08001f2b   Thumb Code   240  tasks.o(.text)
    vTaskRemoveFromUnorderedEventList        0x0800201b   Thumb Code   190  tasks.o(.text)
    vTaskSetTimeOutState                     0x080020d9   Thumb Code    26  tasks.o(.text)
    vTaskInternalSetTimeOutState             0x080020f3   Thumb Code    14  tasks.o(.text)
    xTaskCheckForTimeOut                     0x08002101   Thumb Code    88  tasks.o(.text)
    vTaskMissedYield                         0x08002159   Thumb Code     8  tasks.o(.text)
    uxTaskResetEventItemValue                0x08002161   Thumb Code    24  tasks.o(.text)
    ulTaskGenericNotifyTake                  0x08002179   Thumb Code   128  tasks.o(.text)
    xTaskGenericNotifyWait                   0x080021f9   Thumb Code   164  tasks.o(.text)
    xTaskGenericNotify                       0x0800229d   Thumb Code   354  tasks.o(.text)
    xTaskGenericNotifyFromISR                0x080023ff   Thumb Code   480  tasks.o(.text)
    vTaskGenericNotifyGiveFromISR            0x080025df   Thumb Code   310  tasks.o(.text)
    xTaskGenericNotifyStateClear             0x08002715   Thumb Code    58  tasks.o(.text)
    ulTaskGenericNotifyValueClear            0x0800274f   Thumb Code    88  tasks.o(.text)
    vListInitialise                          0x080027a7   Thumb Code    26  list.o(.text)
    vListInitialiseItem                      0x080027c1   Thumb Code     6  list.o(.text)
    vListInsertEnd                           0x080027c7   Thumb Code    24  list.o(.text)
    vListInsert                              0x080027df   Thumb Code    52  list.o(.text)
    uxListRemove                             0x08002813   Thumb Code    40  list.o(.text)
    pxPortInitialiseStack                    0x08002853   Thumb Code    30  port.o(.text)
    vPortSetupTimerInterrupt                 0x08002871   Thumb Code    20  port.o(.text)
    xPortStartScheduler                      0x08002885   Thumb Code    42  port.o(.text)
    vPortEndScheduler                        0x080028af   Thumb Code     2  port.o(.text)
    vPortEnterCritical                       0x080028b1   Thumb Code    30  port.o(.text)
    vPortExitCritical                        0x080028cf   Thumb Code    28  port.o(.text)
    xPortSysTickHandler                      0x080028eb   Thumb Code    48  port.o(.text)
    pvPortMalloc                             0x08002957   Thumb Code   190  heap_2.o(.text)
    vPortFree                                0x08002a15   Thumb Code    56  heap_2.o(.text)
    xPortGetFreeHeapSize                     0x08002a4d   Thumb Code     6  heap_2.o(.text)
    vPortInitialiseBlocks                    0x08002a53   Thumb Code     2  heap_2.o(.text)
    __scatterload                            0x08002a69   Thumb Code    28  init.o(.text)
    __scatterload_rt2                        0x08002a69   Thumb Code     0  init.o(.text)
    __scatterload_copy                       0x08002a8d   Thumb Code    14  handlers.o(i.__scatterload_copy)
    __scatterload_null                       0x08002a9b   Thumb Code     2  handlers.o(i.__scatterload_null)
    __scatterload_zeroinit                   0x08002a9d   Thumb Code    14  handlers.o(i.__scatterload_zeroinit)
    Region$$Table$$Base                      0x08002ac0   Number         0  anon$$obj.o(Region$$Table)
    Region$$Table$$Limit                     0x08002ae0   Number         0  anon$$obj.o(Region$$Table)
    a                                        0x20000000   Data           4  main.o(.data)
    b                                        0x20000004   Data           4  main.o(.data)
    pxCurrentTCB                             0x20000008   Data           4  tasks.o(.data)
    uxTopUsedPriority                        0x20000040   Data           4  tasks.o(.data)
    __initial_sp                             0x20004730   Data           0  stm32f10x.o(STACK)



==============================================================================

Memory Map of the image

  Image Entry point : 0x080000ed

  Load Region LR_IROM1 (Base: 0x08000000, Size: 0x00002b44, Max: 0x00040000, ABSOLUTE)

    Execution Region ER_IROM1 (Exec base: 0x08000000, Load base: 0x08000000, Size: 0x00002ae0, Max: 0x00040000, ABSOLUTE)

    Exec Addr    Load Addr    Size         Type   Attr      Idx    E Section Name        Object

    0x08000000   0x08000000   0x000000ec   Data   RO            3    RESET               stm32f10x.o
    0x080000ec   0x080000ec   0x00000000   Code   RO          434  * .ARM.Collect$$$$00000000  mc_w.l(entry.o)
    0x080000ec   0x080000ec   0x00000004   Code   RO          441    .ARM.Collect$$$$00000001  mc_w.l(entry2.o)
    0x080000f0   0x080000f0   0x00000004   Code   RO          444    .ARM.Collect$$$$00000004  mc_w.l(entry5.o)
    0x080000f4   0x080000f4   0x00000000   Code   RO          446    .ARM.Collect$$$$00000008  mc_w.l(entry7b.o)
    0x080000f4   0x080000f4   0x00000000   Code   RO          448    .ARM.Collect$$$$0000000A  mc_w.l(entry8b.o)
    0x080000f4   0x080000f4   0x00000008   Code   RO          449    .ARM.Collect$$$$0000000B  mc_w.l(entry9a.o)
    0x080000fc   0x080000fc   0x00000000   Code   RO          451    .ARM.Collect$$$$0000000D  mc_w.l(entry10a.o)
    0x080000fc   0x080000fc   0x00000000   Code   RO          453    .ARM.Collect$$$$0000000F  mc_w.l(entry11a.o)
    0x080000fc   0x080000fc   0x00000004   Code   RO          442    .ARM.Collect$$$$00002712  mc_w.l(entry2.o)
    0x08000100   0x08000100   0x00000096   Code   RO          383    .emb_text           port.o
    0x08000196   0x08000196   0x00000002   PAD
    0x08000198   0x08000198   0x0000001c   Code   RO            4    .text               stm32f10x.o
    0x080001b4   0x080001b4   0x0000006e   Code   RO           10    .text               cortexm3_macro_rvds.o
    0x08000222   0x08000222   0x00000002   PAD
    0x08000224   0x08000224   0x00000324   Code   RO           13    .text               stm32f10x_usart.o
    0x08000548   0x08000548   0x000002e0   Code   RO           44    .text               stm32f10x_gpio.o
    0x08000828   0x08000828   0x000003e0   Code   RO           83    .text               stm32f10x_nvic.o
    0x08000c08   0x08000c08   0x0000037c   Code   RO           95    .text               stm32f10x_rcc.o
    0x08000f84   0x08000f84   0x000000c4   Code   RO          121    .text               stm32f10x_systick.o
    0x08001048   0x08001048   0x000000a8   Code   RO          150    .text               serial.o
    0x080010f0   0x080010f0   0x00000130   Code   RO          208    .text               main.o
    0x08001220   0x08001220   0x00001586   Code   RO          295    .text               tasks.o
    0x080027a6   0x080027a6   0x00000094   Code   RO          341    .text               list.o
    0x0800283a   0x0800283a   0x00000002   PAD
    0x0800283c   0x0800283c   0x000000f0   Code   RO          384    .text               port.o
    0x0800292c   0x0800292c   0x0000013c   Code   RO          419    .text               heap_2.o
    0x08002a68   0x08002a68   0x00000024   Code   RO          455    .text               mc_w.l(init.o)
    0x08002a8c   0x08002a8c   0x0000000e   Code   RO          459    i.__scatterload_copy  mc_w.l(handlers.o)
    0x08002a9a   0x08002a9a   0x00000002   Code   RO          460    i.__scatterload_null  mc_w.l(handlers.o)
    0x08002a9c   0x08002a9c   0x0000000e   Code   RO          461    i.__scatterload_zeroinit  mc_w.l(handlers.o)
    0x08002aaa   0x08002aaa   0x00000014   Data   RO           96    .constdata          stm32f10x_rcc.o
    0x08002abe   0x08002abe   0x00000002   PAD
    0x08002ac0   0x08002ac0   0x00000020   Data   RO          457    Region$$Table       anon$$obj.o


    Execution Region RW_IRAM1 (Exec base: 0x20000000, Load base: 0x08002ae0, Size: 0x00004730, Max: 0x0000c000, ABSOLUTE)

    Exec Addr    Load Addr    Size         Type   Attr      Idx    E Section Name        Object

    0x20000000   0x08002ae0   0x00000008   Data   RW          209    .data               main.o
    0x20000008   0x08002ae8   0x00000040   Data   RW          297    .data               tasks.o
    0x20000048   0x08002b28   0x00000004   Data   RW          385    .data               port.o
    0x2000004c   0x08002b2c   0x00000018   Data   RW          421    .data               heap_2.o
    0x20000064        -       0x000000c8   Zero   RW          296    .bss                tasks.o
    0x2000012c        -       0x00004400   Zero   RW          420    .bss                heap_2.o
    0x2000452c   0x08002b44   0x00000004   PAD
    0x20004530        -       0x00000200   Zero   RW            1    STACK               stm32f10x.o


==============================================================================

Image component sizes


      Code (inc. data)   RO Data    RW Data    ZI Data      Debug   Object Name

       110          0          0          0          0        436   cortexm3_macro_rvds.o
       316         20          0         24      17408       3244   heap_2.o
       148          0          0          0          0       1954   list.o
       304         30          0          8          0      13578   main.o
       390         30          0          4          0       7216   port.o
       168         10          0          0          0      13863   serial.o
        28          4        236          0        512        804   stm32f10x.o
       736         16          0          0          0       9591   stm32f10x_gpio.o
         0          0          0          0          0       6352   stm32f10x_lib.o
       992         30          0          0          0       7280   stm32f10x_nvic.o
       892         38         20          0          0       8434   stm32f10x_rcc.o
       196          0          0          0          0       1617   stm32f10x_systick.o
       804         10          0          0          0      30325   stm32f10x_usart.o
      5510        294          0         64        200      35626   tasks.o

    ----------------------------------------------------------------------
     10600        482        290        100      18124     140320   Object Totals
         0          0         32          0          0          0   (incl. Generated)
         6          0          2          0          4          0   (incl. Padding)

    ----------------------------------------------------------------------

      Code (inc. data)   RO Data    RW Data    ZI Data      Debug   Library Member Name

         0          0          0          0          0          0   entry.o
         0          0          0          0          0          0   entry10a.o
         0          0          0          0          0          0   entry11a.o
         8          4          0          0          0          0   entry2.o
         4          0          0          0          0          0   entry5.o
         0          0          0          0          0          0   entry7b.o
         0          0          0          0          0          0   entry8b.o
         8          4          0          0          0          0   entry9a.o
        30          0          0          0          0          0   handlers.o
        36          8          0          0          0         68   init.o

    ----------------------------------------------------------------------
        86         16          0          0          0         68   Library Totals
         0          0          0          0          0          0   (incl. Padding)

    ----------------------------------------------------------------------

      Code (inc. data)   RO Data    RW Data    ZI Data      Debug   Library Name

        86         16          0          0          0         68   mc_w.l

    ----------------------------------------------------------------------
        86         16          0          0          0         68   Library Totals

    ----------------------------------------------------------------------

==============================================================================


      Code (inc. data)   RO Data    RW Data    ZI Data      Debug   

     10686        498        290        100      18124     138980   Grand Totals
     10686        498        290        100      18124     138980   ELF Image Totals
     10686        498        290        100          0          0   ROM Totals

==============================================================================

    Total RO  Size (Code + RO Data)                10976 (  10.72kB)
    Total RW  Size (RW Data + ZI Data)             18224 (  17.80kB)
    Total ROM Size (Code + RO Data + RW Data)      11076 (  10.82kB)

==============================================================================

