Component: ARM Compiler 5.06 update 6 (build 750) Tool: armlink [4d35ed]

==============================================================================

Section Cross References

    stm32f10x.o(RESET) refers to stm32f10x.o(STACK) for __initial_sp
    stm32f10x.o(RESET) refers to stm32f10x.o(.text) for Reset_Handler
    stm32f10x.o(RESET) refers to port.o(.emb_text) for vPortSVCHandler
    stm32f10x.o(RESET) refers to port.o(i.xPortSysTickHandler) for xPortSysTickHandler
    stm32f10x.o(RESET) refers to main.o(i.EXTI0_IRQHandler) for EXTI0_IRQHandler
    stm32f10x.o(RESET) refers to main.o(i.EXTI1_IRQHandler) for EXTI1_IRQHandler
    stm32f10x.o(RESET) refers to main.o(i.EXTI4_IRQHandler) for EXTI4_IRQHandler
    stm32f10x.o(RESET) refers to main.o(i.EXTI9_5_IRQHandler) for EXTI9_5_IRQHandler
    stm32f10x.o(.text) refers to entry.o(.ARM.Collect$$$$00000000) for __main
    stm32f10x_usart.o(i.USART_DeInit) refers to stm32f10x_rcc.o(i.RCC_APB2PeriphResetCmd) for RCC_APB2PeriphResetCmd
    stm32f10x_usart.o(i.USART_DeInit) refers to stm32f10x_rcc.o(i.RCC_APB1PeriphResetCmd) for RCC_APB1PeriphResetCmd
    stm32f10x_usart.o(i.USART_Init) refers to stm32f10x_rcc.o(i.RCC_GetClocksFreq) for RCC_GetClocksFreq
    stm32f10x_gpio.o(i.GPIO_AFIODeInit) refers to stm32f10x_rcc.o(i.RCC_APB2PeriphResetCmd) for RCC_APB2PeriphResetCmd
    stm32f10x_gpio.o(i.GPIO_DeInit) refers to stm32f10x_rcc.o(i.RCC_APB2PeriphResetCmd) for RCC_APB2PeriphResetCmd
    stm32f10x_nvic.o(i.NVIC_BASEPRICONFIG) refers to cortexm3_macro_rvds.o(.text) for __BASEPRICONFIG
    stm32f10x_nvic.o(i.NVIC_GetBASEPRI) refers to cortexm3_macro_rvds.o(.text) for __GetBASEPRI
    stm32f10x_nvic.o(i.NVIC_RESETFAULTMASK) refers to cortexm3_macro_rvds.o(.text) for __RESETFAULTMASK
    stm32f10x_nvic.o(i.NVIC_RESETPRIMASK) refers to cortexm3_macro_rvds.o(.text) for __RESETPRIMASK
    stm32f10x_nvic.o(i.NVIC_SETFAULTMASK) refers to cortexm3_macro_rvds.o(.text) for __SETFAULTMASK
    stm32f10x_nvic.o(i.NVIC_SETPRIMASK) refers to cortexm3_macro_rvds.o(.text) for __SETPRIMASK
    stm32f10x_rcc.o(i.RCC_GetClocksFreq) refers to stm32f10x_rcc.o(.constdata) for APBAHBPrescTable
    stm32f10x_spi.o(i.SPI_DeInit) refers to stm32f10x_rcc.o(i.RCC_APB2PeriphResetCmd) for RCC_APB2PeriphResetCmd
    stm32f10x_spi.o(i.SPI_DeInit) refers to stm32f10x_rcc.o(i.RCC_APB1PeriphResetCmd) for RCC_APB1PeriphResetCmd
    stm32f10x_tim.o(i.PWMI_Config) refers to stm32f10x_tim.o(i.TI1_Config) for TI1_Config
    stm32f10x_tim.o(i.PWMI_Config) refers to stm32f10x_tim.o(i.TIM_SetIC1Prescaler) for TIM_SetIC1Prescaler
    stm32f10x_tim.o(i.PWMI_Config) refers to stm32f10x_tim.o(i.TI2_Config) for TI2_Config
    stm32f10x_tim.o(i.PWMI_Config) refers to stm32f10x_tim.o(i.TIM_SetIC2Prescaler) for TIM_SetIC2Prescaler
    stm32f10x_tim.o(i.TIM_DeInit) refers to stm32f10x_rcc.o(i.RCC_APB1PeriphResetCmd) for RCC_APB1PeriphResetCmd
    stm32f10x_tim.o(i.TIM_ETRClockMode1Config) refers to stm32f10x_tim.o(i.ETR_Config) for ETR_Config
    stm32f10x_tim.o(i.TIM_ETRClockMode2Config) refers to stm32f10x_tim.o(i.ETR_Config) for ETR_Config
    stm32f10x_tim.o(i.TIM_ICInit) refers to stm32f10x_tim.o(i.TI1_Config) for TI1_Config
    stm32f10x_tim.o(i.TIM_ICInit) refers to stm32f10x_tim.o(i.TIM_SetIC1Prescaler) for TIM_SetIC1Prescaler
    stm32f10x_tim.o(i.TIM_ICInit) refers to stm32f10x_tim.o(i.TI2_Config) for TI2_Config
    stm32f10x_tim.o(i.TIM_ICInit) refers to stm32f10x_tim.o(i.TIM_SetIC2Prescaler) for TIM_SetIC2Prescaler
    stm32f10x_tim.o(i.TIM_ICInit) refers to stm32f10x_tim.o(i.TI3_Config) for TI3_Config
    stm32f10x_tim.o(i.TIM_ICInit) refers to stm32f10x_tim.o(i.TIM_SetIC3Prescaler) for TIM_SetIC3Prescaler
    stm32f10x_tim.o(i.TIM_ICInit) refers to stm32f10x_tim.o(i.TI4_Config) for TI4_Config
    stm32f10x_tim.o(i.TIM_ICInit) refers to stm32f10x_tim.o(i.TIM_SetIC4Prescaler) for TIM_SetIC4Prescaler
    stm32f10x_tim.o(i.TIM_ICInit) refers to stm32f10x_tim.o(i.PWMI_Config) for PWMI_Config
    stm32f10x_tim.o(i.TIM_ITRxExternalClockConfig) refers to stm32f10x_tim.o(i.TIM_SelectInputTrigger) for TIM_SelectInputTrigger
    stm32f10x_tim.o(i.TIM_OCInit) refers to stm32f10x_tim.o(.constdata) for Tab_OCModeMask
    stm32f10x_tim.o(i.TIM_TIxExternalClockConfig) refers to stm32f10x_tim.o(i.TI2_Config) for TI2_Config
    stm32f10x_tim.o(i.TIM_TIxExternalClockConfig) refers to stm32f10x_tim.o(i.TI1_Config) for TI1_Config
    stm32f10x_tim.o(i.TIM_TIxExternalClockConfig) refers to stm32f10x_tim.o(i.TIM_SelectInputTrigger) for TIM_SelectInputTrigger
    serial.o(i.SerialPortInit) refers to stm32f10x_rcc.o(i.RCC_APB2PeriphClockCmd) for RCC_APB2PeriphClockCmd
    serial.o(i.SerialPortInit) refers to stm32f10x_gpio.o(i.GPIO_Init) for GPIO_Init
    serial.o(i.SerialPortInit) refers to stm32f10x_usart.o(i.USART_Init) for USART_Init
    serial.o(i.SerialPortInit) refers to stm32f10x_usart.o(i.USART_Cmd) for USART_Cmd
[...]
    tasks.o(i.ulTaskGenericNotifyTake) refers to tasks.o(i.prvAddCurrentTaskToDelayedList) for prvAddCurrentTaskToDelayedList
    tasks.o(i.ulTaskGenericNotifyTake) refers to port.o(i.vPortExitCritical) for vPortExitCritical
    tasks.o(i.ulTaskGenericNotifyTake) refers to tasks.o(.data) for pxCurrentTCB
    tasks.o(i.ulTaskGenericNotifyValueClear) refers to port.o(i.vPortEnterCritical) for vPortEnterCritical
    tasks.o(i.ulTaskGenericNotifyValueClear) refers to port.o(i.vPortExitCritical) for vPortExitCritical
    tasks.o(i.ulTaskGenericNotifyValueClear) refers to tasks.o(.data) for pxCurrentTCB
    tasks.o(i.uxTaskGetNumberOfTasks) refers to tasks.o(.data) for uxCurrentNumberOfTasks
    tasks.o(i.uxTaskPriorityGet) refers to port.o(i.vPortEnterCritical) for vPortEnterCritical
    tasks.o(i.uxTaskPriorityGet) refers to port.o(i.vPortExitCritical) for vPortExitCritical
    tasks.o(i.uxTaskPriorityGet) refers to tasks.o(.data) for pxCurrentTCB
    tasks.o(i.uxTaskPriorityGetFromISR) refers to tasks.o(.data) for pxCurrentTCB
    tasks.o(i.uxTaskResetEventItemValue) refers to tasks.o(.data) for pxCurrentTCB
    tasks.o(i.vTaskDelay) refers to tasks.o(i.vTaskSuspendAll) for vTaskSuspendAll
    tasks.o(i.vTaskDelay) refers to tasks.o(i.prvAddCurrentTaskToDelayedList) for prvAddCurrentTaskToDelayedList
    tasks.o(i.vTaskDelay) refers to tasks.o(i.xTaskResumeAll) for xTaskResumeAll
    tasks.o(i.vTaskDelete) refers to port.o(i.vPortEnterCritical) for vPortEnterCritical
    tasks.o(i.vTaskDelete) refers to list.o(i.uxListRemove) for uxListRemove
    tasks.o(i.vTaskDelete) refers to list.o(i.vListInsertEnd) for vListInsertEnd
    tasks.o(i.vTaskDelete) refers to tasks.o(i.prvDeleteTCB) for prvDeleteTCB
    tasks.o(i.vTaskDelete) refers to tasks.o(i.prvResetNextTaskUnblockTime) for prvResetNextTaskUnblockTime
    tasks.o(i.vTaskDelete) refers to port.o(i.vPortExitCritical) for vPortExitCritical
    tasks.o(i.vTaskDelete) refers to tasks.o(.data) for pxCurrentTCB
    tasks.o(i.vTaskDelete) refers to tasks.o(.bss) for pxReadyTasksLists
    tasks.o(i.vTaskEndScheduler) refers to port.o(i.vPortEndScheduler) for vPortEndScheduler
    tasks.o(i.vTaskEndScheduler) refers to tasks.o(.data) for xSchedulerRunning
    tasks.o(i.vTaskGenericNotifyGiveFromISR) refers to tasks.o(.data) for uxSchedulerSuspended
    tasks.o(i.vTaskGenericNotifyGiveFromISR) refers to tasks.o(.bss) for pxReadyTasksLists
    tasks.o(i.vTaskInternalSetTimeOutState) refers to tasks.o(.data) for xNumOfOverflows
    tasks.o(i.vTaskMissedYield) refers to tasks.o(.data) for xYieldPending
    tasks.o(i.vTaskPlaceOnEventList) refers to list.o(i.vListInsert) for vListInsert
    tasks.o(i.vTaskPlaceOnEventList) refers to tasks.o(i.prvAddCurrentTaskToDelayedList) for prvAddCurrentTaskToDelayedList
    tasks.o(i.vTaskPlaceOnEventList) refers to tasks.o(.data) for pxCurrentTCB
    tasks.o(i.vTaskPlaceOnUnorderedEventList) refers to tasks.o(i.prvAddCurrentTaskToDelayedList) for prvAddCurrentTaskToDelayedList
    tasks.o(i.vTaskPlaceOnUnorderedEventList) refers to tasks.o(.data) for pxCurrentTCB
    tasks.o(i.vTaskPrioritySet) refers to port.o(i.vPortEnterCritical) for vPortEnterCritical
    tasks.o(i.vTaskPrioritySet) refers to list.o(i.uxListRemove) for uxListRemove
    tasks.o(i.vTaskPrioritySet) refers to port.o(i.vPortExitCritical) for vPortExitCritical
    tasks.o(i.vTaskPrioritySet) refers to tasks.o(.data) for pxCurrentTCB
    tasks.o(i.vTaskPrioritySet) refers to tasks.o(.bss) for pxReadyTasksLists
    tasks.o(i.vTaskRemoveFromUnorderedEventList) refers to tasks.o(.data) for uxTopReadyPriority
    tasks.o(i.vTaskRemoveFromUnorderedEventList) refers to tasks.o(.bss) for pxReadyTasksLists
    tasks.o(i.vTaskResume) refers to port.o(i.vPortEnterCritical) for vPortEnterCritical
    tasks.o(i.vTaskResume) refers to tasks.o(i.prvTaskIsTaskSuspended) for prvTaskIsTaskSuspended
    tasks.o(i.vTaskResume) refers to list.o(i.uxListRemove) for uxListRemove
    tasks.o(i.vTaskResume) refers to port.o(i.vPortExitCritical) for vPortExitCritical
    tasks.o(i.vTaskResume) refers to tasks.o(.data) for pxCurrentTCB
    tasks.o(i.vTaskResume) refers to tasks.o(.bss) for pxReadyTasksLists
    tasks.o(i.vTaskSetTimeOutState) refers to port.o(i.vPortEnterCritical) for vPortEnterCritical
    tasks.o(i.vTaskSetTimeOutState) refers to port.o(i.vPortExitCritical) for vPortExitCritical
    tasks.o(i.vTaskSetTimeOutState) refers to tasks.o(.data) for xNumOfOverflows
    tasks.o(i.vTaskStartScheduler) refers to main.o(i.vApplicationGetIdleTaskMemory) for vApplicationGetIdleTaskMemory
    tasks.o(i.vTaskStartScheduler) refers to tasks.o(i.xTaskCreateStatic) for xTaskCreateStatic
    tasks.o(i.vTaskStartScheduler) refers to port.o(i.xPortStartScheduler) for xPortStartScheduler
    tasks.o(i.vTaskStartScheduler) refers to tasks.o(i.prvIdleTask) for prvIdleTask
    tasks.o(i.vTaskStartScheduler) refers to tasks.o(.data) for xIdleTaskHandle
    tasks.o(i.vTaskSuspend) refers to port.o(i.vPortEnterCritical) for vPortEnterCritical
    tasks.o(i.vTaskSuspend) refers to list.o(i.uxListRemove) for uxListRemove
    tasks.o(i.vTaskSuspend) refers to list.o(i.vListInsertEnd) for vListInsertEnd
    tasks.o(i.vTaskSuspend) refers to port.o(i.vPortExitCritical) for vPortExitCritical
    tasks.o(i.vTaskSuspend) refers to tasks.o(i.prvResetNextTaskUnblockTime) for prvResetNextTaskUnblockTime
    tasks.o(i.vTaskSuspend) refers to tasks.o(i.vTaskSwitchContext) for vTaskSwitchContext
    tasks.o(i.vTaskSuspend) refers to tasks.o(.data) for pxCurrentTCB
    tasks.o(i.vTaskSuspend) refers to tasks.o(.bss) for pxReadyTasksLists
    tasks.o(i.vTaskSuspendAll) refers to tasks.o(.data) for uxSchedulerSuspended
    tasks.o(i.vTaskSwitchContext) refers to tasks.o(.data) for uxSchedulerSuspended
    tasks.o(i.vTaskSwitchContext) refers to tasks.o(.bss) for pxReadyTasksLists
    tasks.o(i.xTaskCatchUpTicks) refers to tasks.o(i.vTaskSuspendAll) for vTaskSuspendAll
    tasks.o(i.xTaskCatchUpTicks) refers to tasks.o(i.xTaskResumeAll) for xTaskResumeAll
    tasks.o(i.xTaskCatchUpTicks) refers to tasks.o(.data) for xPendedTicks
    tasks.o(i.xTaskCheckForTimeOut) refers to port.o(i.vPortEnterCritical) for vPortEnterCritical
    tasks.o(i.xTaskCheckForTimeOut) refers to tasks.o(i.vTaskInternalSetTimeOutState) for vTaskInternalSetTimeOutState
    tasks.o(i.xTaskCheckForTimeOut) refers to port.o(i.vPortExitCritical) for vPortExitCritical
    tasks.o(i.xTaskCheckForTimeOut) refers to tasks.o(.data) for xTickCount
    tasks.o(i.xTaskCreate) refers to heap_2.o(i.pvPortMalloc) for pvPortMalloc
    tasks.o(i.xTaskCreate) refers to heap_2.o(i.vPortFree) for vPortFree
    tasks.o(i.xTaskCreate) refers to tasks.o(i.prvInitialiseNewTask) for prvInitialiseNewTask
    tasks.o(i.xTaskCreate) refers to tasks.o(i.prvAddNewTaskToReadyList) for prvAddNewTaskToReadyList
    tasks.o(i.xTaskCreateStatic) refers to tasks.o(i.prvInitialiseNewTask) for prvInitialiseNewTask
    tasks.o(i.xTaskCreateStatic) refers to tasks.o(i.prvAddNewTaskToReadyList) for prvAddNewTaskToReadyList
    tasks.o(i.xTaskDelayUntil) refers to tasks.o(i.vTaskSuspendAll) for vTaskSuspendAll
    tasks.o(i.xTaskDelayUntil) refers to tasks.o(i.prvAddCurrentTaskToDelayedList) for prvAddCurrentTaskToDelayedList
    tasks.o(i.xTaskDelayUntil) refers to tasks.o(i.xTaskResumeAll) for xTaskResumeAll
    tasks.o(i.xTaskDelayUntil) refers to tasks.o(.data) for xTickCount
    tasks.o(i.xTaskGenericNotify) refers to port.o(i.vPortEnterCritical) for vPortEnterCritical
    tasks.o(i.xTaskGenericNotify) refers to port.o(i.vPortExitCritical) for vPortExitCritical
    tasks.o(i.xTaskGenericNotify) refers to tasks.o(.data) for uxTopReadyPriority
    tasks.o(i.xTaskGenericNotify) refers to tasks.o(.bss) for pxReadyTasksLists
    tasks.o(i.xTaskGenericNotifyFromISR) refers to tasks.o(.data) for uxSchedulerSuspended
    tasks.o(i.xTaskGenericNotifyFromISR) refers to tasks.o(.bss) for pxReadyTasksLists
    tasks.o(i.xTaskGenericNotifyStateClear) refers to port.o(i.vPortEnterCritical) for vPortEnterCritical
    tasks.o(i.xTaskGenericNotifyStateClear) refers to port.o(i.vPortExitCritical) for vPortExitCritical
    tasks.o(i.xTaskGenericNotifyStateClear) refers to tasks.o(.data) for pxCurrentTCB
    tasks.o(i.xTaskGenericNotifyWait) refers to port.o(i.vPortEnterCritical) for vPortEnterCritical
    tasks.o(i.xTaskGenericNotifyWait) refers to tasks.o(i.prvAddCurrentTaskToDelayedList) for prvAddCurrentTaskToDelayedList
    tasks.o(i.xTaskGenericNotifyWait) refers to port.o(i.vPortExitCritical) for vPortExitCritical
    tasks.o(i.xTaskGenericNotifyWait) refers to tasks.o(.data) for pxCurrentTCB
    tasks.o(i.xTaskGetTickCount) refers to tasks.o(.data) for xTickCount
    tasks.o(i.xTaskGetTickCountFromISR) refers to tasks.o(.data) for xTickCount
    tasks.o(i.xTaskIncrementTick) refers to tasks.o(i.prvResetNextTaskUnblockTime) for prvResetNextTaskUnblockTime
    tasks.o(i.xTaskIncrementTick) refers to tasks.o(.data) for uxSchedulerSuspended
    tasks.o(i.xTaskIncrementTick) refers to tasks.o(.bss) for pxReadyTasksLists
    tasks.o(i.xTaskRemoveFromEventList) refers to tasks.o(.data) for uxSchedulerSuspended
    tasks.o(i.xTaskRemoveFromEventList) refers to tasks.o(.bss) for pxReadyTasksLists
    tasks.o(i.xTaskResumeAll) refers to port.o(i.vPortEnterCritical) for vPortEnterCritical
    tasks.o(i.xTaskResumeAll) refers to tasks.o(i.prvResetNextTaskUnblockTime) for prvResetNextTaskUnblockTime
    tasks.o(i.xTaskResumeAll) refers to tasks.o(i.xTaskIncrementTick) for xTaskIncrementTick
    tasks.o(i.xTaskResumeAll) refers to port.o(i.vPortExitCritical) for vPortExitCritical
    tasks.o(i.xTaskResumeAll) refers to tasks.o(.data) for uxSchedulerSuspended
    tasks.o(i.xTaskResumeAll) refers to tasks.o(.bss) for xPendingReadyList
    tasks.o(i.xTaskResumeFromISR) refers to tasks.o(i.prvTaskIsTaskSuspended) for prvTaskIsTaskSuspended
    tasks.o(i.xTaskResumeFromISR) refers to list.o(i.uxListRemove) for uxListRemove
    tasks.o(i.xTaskResumeFromISR) refers to list.o(i.vListInsertEnd) for vListInsertEnd
    tasks.o(i.xTaskResumeFromISR) refers to tasks.o(.data) for uxSchedulerSuspended
    tasks.o(i.xTaskResumeFromISR) refers to tasks.o(.bss) for pxReadyTasksLists
    queue.o(i.prvCopyDataFromQueue) refers to memcpya.o(.text) for __aeabi_memcpy
    queue.o(i.prvCopyDataToQueue) refers to memcpya.o(.text) for __aeabi_memcpy
    queue.o(i.prvInitialiseNewQueue) refers to queue.o(i.xQueueGenericReset) for xQueueGenericReset
    queue.o(i.prvIsQueueEmpty) refers to port.o(i.vPortEnterCritical) for vPortEnterCritical
    queue.o(i.prvIsQueueEmpty) refers to port.o(i.vPortExitCritical) for vPortExitCritical
    queue.o(i.prvIsQueueFull) refers to port.o(i.vPortEnterCritical) for vPortEnterCritical
    queue.o(i.prvIsQueueFull) refers to port.o(i.vPortExitCritical) for vPortExitCritical
    queue.o(i.prvUnlockQueue) refers to port.o(i.vPortEnterCritical) for vPortEnterCritical
    queue.o(i.prvUnlockQueue) refers to tasks.o(i.xTaskRemoveFromEventList) for xTaskRemoveFromEventList
    queue.o(i.prvUnlockQueue) refers to tasks.o(i.vTaskMissedYield) for vTaskMissedYield
    queue.o(i.prvUnlockQueue) refers to port.o(i.vPortExitCritical) for vPortExitCritical
    queue.o(i.uxQueueMessagesWaiting) refers to port.o(i.vPortEnterCritical) for vPortEnterCritical
    queue.o(i.uxQueueMessagesWaiting) refers to port.o(i.vPortExitCritical) for vPortExitCritical
    queue.o(i.uxQueueSpacesAvailable) refers to port.o(i.vPortEnterCritical) for vPortEnterCritical
    queue.o(i.uxQueueSpacesAvailable) refers to port.o(i.vPortExitCritical) for vPortExitCritical
    queue.o(i.vQueueDelete) refers to heap_2.o(i.vPortFree) for vPortFree
    queue.o(i.xQueueGenericCreate) refers to heap_2.o(i.pvPortMalloc) for pvPortMalloc
    queue.o(i.xQueueGenericCreate) refers to queue.o(i.prvInitialiseNewQueue) for prvInitialiseNewQueue
    queue.o(i.xQueueGenericCreateStatic) refers to queue.o(i.prvInitialiseNewQueue) for prvInitialiseNewQueue
    queue.o(i.xQueueGenericReset) refers to port.o(i.vPortEnterCritical) for vPortEnterCritical
    queue.o(i.xQueueGenericReset) refers to tasks.o(i.xTaskRemoveFromEventList) for xTaskRemoveFromEventList
    queue.o(i.xQueueGenericReset) refers to list.o(i.vListInitialise) for vListInitialise
    queue.o(i.xQueueGenericReset) refers to port.o(i.vPortExitCritical) for vPortExitCritical
    queue.o(i.xQueueGenericSend) refers to port.o(i.vPortEnterCritical) for vPortEnterCritical
    queue.o(i.xQueueGenericSend) refers to queue.o(i.prvCopyDataToQueue) for prvCopyDataToQueue
    queue.o(i.xQueueGenericSend) refers to tasks.o(i.xTaskRemoveFromEventList) for xTaskRemoveFromEventList
    queue.o(i.xQueueGenericSend) refers to port.o(i.vPortExitCritical) for vPortExitCritical
    queue.o(i.xQueueGenericSend) refers to tasks.o(i.vTaskInternalSetTimeOutState) for vTaskInternalSetTimeOutState
    queue.o(i.xQueueGenericSend) refers to tasks.o(i.vTaskSuspendAll) for vTaskSuspendAll
    queue.o(i.xQueueGenericSend) refers to tasks.o(i.xTaskCheckForTimeOut) for xTaskCheckForTimeOut
    queue.o(i.xQueueGenericSend) refers to queue.o(i.prvIsQueueFull) for prvIsQueueFull
    queue.o(i.xQueueGenericSend) refers to tasks.o(i.vTaskPlaceOnEventList) for vTaskPlaceOnEventList
    queue.o(i.xQueueGenericSend) refers to queue.o(i.prvUnlockQueue) for prvUnlockQueue
    queue.o(i.xQueueGenericSend) refers to tasks.o(i.xTaskResumeAll) for xTaskResumeAll
    queue.o(i.xQueueGenericSendFromISR) refers to queue.o(i.prvCopyDataToQueue) for prvCopyDataToQueue
    queue.o(i.xQueueGenericSendFromISR) refers to tasks.o(i.xTaskRemoveFromEventList) for xTaskRemoveFromEventList
    queue.o(i.xQueueGiveFromISR) refers to tasks.o(i.xTaskRemoveFromEventList) for xTaskRemoveFromEventList
    queue.o(i.xQueuePeek) refers to port.o(i.vPortEnterCritical) for vPortEnterCritical
    queue.o(i.xQueuePeek) refers to queue.o(i.prvCopyDataFromQueue) for prvCopyDataFromQueue
    queue.o(i.xQueuePeek) refers to tasks.o(i.xTaskRemoveFromEventList) for xTaskRemoveFromEventList
    queue.o(i.xQueuePeek) refers to port.o(i.vPortExitCritical) for vPortExitCritical
    queue.o(i.xQueuePeek) refers to tasks.o(i.vTaskInternalSetTimeOutState) for vTaskInternalSetTimeOutState
    queue.o(i.xQueuePeek) refers to tasks.o(i.vTaskSuspendAll) for vTaskSuspendAll
    queue.o(i.xQueuePeek) refers to tasks.o(i.xTaskCheckForTimeOut) for xTaskCheckForTimeOut
    queue.o(i.xQueuePeek) refers to queue.o(i.prvIsQueueEmpty) for prvIsQueueEmpty
    queue.o(i.xQueuePeek) refers to tasks.o(i.vTaskPlaceOnEventList) for vTaskPlaceOnEventList
    queue.o(i.xQueuePeek) refers to queue.o(i.prvUnlockQueue) for prvUnlockQueue
    queue.o(i.xQueuePeek) refers to tasks.o(i.xTaskResumeAll) for xTaskResumeAll
    queue.o(i.xQueuePeekFromISR) refers to queue.o(i.prvCopyDataFromQueue) for prvCopyDataFromQueue
    queue.o(i.xQueueReceive) refers to port.o(i.vPortEnterCritical) for vPortEnterCritical
    queue.o(i.xQueueReceive) refers to queue.o(i.prvCopyDataFromQueue) for prvCopyDataFromQueue
    queue.o(i.xQueueReceive) refers to tasks.o(i.xTaskRemoveFromEventList) for xTaskRemoveFromEventList
    queue.o(i.xQueueReceive) refers to port.o(i.vPortExitCritical) for vPortExitCritical
    queue.o(i.xQueueReceive) refers to tasks.o(i.vTaskInternalSetTimeOutState) for vTaskInternalSetTimeOutState
    queue.o(i.xQueueReceive) refers to tasks.o(i.vTaskSuspendAll) for vTaskSuspendAll
    queue.o(i.xQueueReceive) refers to tasks.o(i.xTaskCheckForTimeOut) for xTaskCheckForTimeOut
    queue.o(i.xQueueReceive) refers to queue.o(i.prvIsQueueEmpty) for prvIsQueueEmpty
    queue.o(i.xQueueReceive) refers to tasks.o(i.vTaskPlaceOnEventList) for vTaskPlaceOnEventList
    queue.o(i.xQueueReceive) refers to queue.o(i.prvUnlockQueue) for prvUnlockQueue
    queue.o(i.xQueueReceive) refers to tasks.o(i.xTaskResumeAll) for xTaskResumeAll
    queue.o(i.xQueueReceiveFromISR) refers to queue.o(i.prvCopyDataFromQueue) for prvCopyDataFromQueue
    queue.o(i.xQueueReceiveFromISR) refers to tasks.o(i.xTaskRemoveFromEventList) for xTaskRemoveFromEventList
    queue.o(i.xQueueSemaphoreTake) refers to port.o(i.vPortEnterCritical) for vPortEnterCritical
    queue.o(i.xQueueSemaphoreTake) refers to tasks.o(i.xTaskRemoveFromEventList) for xTaskRemoveFromEventList
    queue.o(i.xQueueSemaphoreTake) refers to port.o(i.vPortExitCritical) for vPortExitCritical
    queue.o(i.xQueueSemaphoreTake) refers to tasks.o(i.vTaskInternalSetTimeOutState) for vTaskInternalSetTimeOutState
    queue.o(i.xQueueSemaphoreTake) refers to tasks.o(i.vTaskSuspendAll) for vTaskSuspendAll
    queue.o(i.xQueueSemaphoreTake) refers to tasks.o(i.xTaskCheckForTimeOut) for xTaskCheckForTimeOut
    queue.o(i.xQueueSemaphoreTake) refers to queue.o(i.prvIsQueueEmpty) for prvIsQueueEmpty
    queue.o(i.xQueueSemaphoreTake) refers to tasks.o(i.vTaskPlaceOnEventList) for vTaskPlaceOnEventList
    queue.o(i.xQueueSemaphoreTake) refers to queue.o(i.prvUnlockQueue) for prvUnlockQueue
    queue.o(i.xQueueSemaphoreTake) refers to tasks.o(i.xTaskResumeAll) for xTaskResumeAll
    port.o(.emb_text) refers to tasks.o(i.vTaskSwitchContext) for vTaskSwitchContext
    port.o(.emb_text) refers to tasks.o(.data) for pxCurrentTCB
    port.o(i.pxPortInitialiseStack) refers to port.o(i.prvTaskExitError) for prvTaskExitError
    port.o(i.vPortEnterCritical) refers to port.o(.data) for uxCriticalNesting
    port.o(i.vPortExitCritical) refers to port.o(.data) for uxCriticalNesting
    port.o(i.xPortStartScheduler) refers to port.o(i.vPortSetupTimerInterrupt) for vPortSetupTimerInterrupt
    port.o(i.xPortStartScheduler) refers to port.o(.emb_text) for __asm___6_port_c_39a90d8d__prvStartFirstTask
    port.o(i.xPortStartScheduler) refers to port.o(.data) for uxCriticalNesting
    port.o(i.xPortSysTickHandler) refers to tasks.o(i.xTaskIncrementTick) for xTaskIncrementTick
    heap_2.o(i.prvHeapInit) refers to heap_2.o(.bss) for ucHeap
    heap_2.o(i.prvHeapInit) refers to heap_2.o(.data) for xStart
    heap_2.o(i.pvPortMalloc) refers to tasks.o(i.vTaskSuspendAll) for vTaskSuspendAll
    heap_2.o(i.pvPortMalloc) refers to heap_2.o(i.prvHeapInit) for prvHeapInit
    heap_2.o(i.pvPortMalloc) refers to tasks.o(i.xTaskResumeAll) for xTaskResumeAll
    heap_2.o(i.pvPortMalloc) refers to heap_2.o(.data) for xHeapHasBeenInitialised
    heap_2.o(i.vPortFree) refers to tasks.o(i.vTaskSuspendAll) for vTaskSuspendAll
    heap_2.o(i.vPortFree) refers to tasks.o(i.xTaskResumeAll) for xTaskResumeAll
    heap_2.o(i.vPortFree) refers to heap_2.o(.data) for xStart
    heap_2.o(i.xPortGetFreeHeapSize) refers to heap_2.o(.data) for xFreeBytesRemaining
    oled.o(i.I2C_Start) refers to stm32f10x_gpio.o(i.GPIO_WriteBit) for GPIO_WriteBit
    oled.o(i.I2C_Start) refers to oled.o(i.IIC_delay) for IIC_delay
    oled.o(i.I2C_Stop) refers to stm32f10x_gpio.o(i.GPIO_WriteBit) for GPIO_WriteBit
    oled.o(i.I2C_Stop) refers to oled.o(i.IIC_delay) for IIC_delay
    oled.o(i.I2C_WaitAck) refers to stm32f10x_gpio.o(i.GPIO_WriteBit) for GPIO_WriteBit
    oled.o(i.I2C_WaitAck) refers to oled.o(i.IIC_delay) for IIC_delay
    oled.o(i.OLED_Clear) refers to oled.o(i.OLED_Refresh) for OLED_Refresh
    oled.o(i.OLED_Clear) refers to oled.o(.bss) for OLED_GRAM
    oled.o(i.OLED_ColorTurn) refers to oled.o(i.OLED_WR_Byte) for OLED_WR_Byte
    oled.o(i.OLED_DisPlay_Off) refers to oled.o(i.OLED_WR_Byte) for OLED_WR_Byte
    oled.o(i.OLED_DisPlay_On) refers to oled.o(i.OLED_WR_Byte) for OLED_WR_Byte
    oled.o(i.OLED_DisplayTurn) refers to oled.o(i.OLED_WR_Byte) for OLED_WR_Byte
    oled.o(i.OLED_DrawCircle) refers to oled.o(i.OLED_DrawPoint) for OLED_DrawPoint
    oled.o(i.OLED_DrawLine) refers to oled.o(i.OLED_DrawPoint) for OLED_DrawPoint
    oled.o(i.OLED_DrawPoint) refers to oled.o(.bss) for OLED_GRAM
    oled.o(i.OLED_Init) refers to stm32f10x_rcc.o(i.RCC_APB2PeriphClockCmd) for RCC_APB2PeriphClockCmd
    oled.o(i.OLED_Init) refers to stm32f10x_gpio.o(i.GPIO_PinRemapConfig) for GPIO_PinRemapConfig
    oled.o(i.OLED_Init) refers to stm32f10x_gpio.o(i.GPIO_Init) for GPIO_Init
    oled.o(i.OLED_Init) refers to stm32f10x_gpio.o(i.GPIO_WriteBit) for GPIO_WriteBit
    oled.o(i.OLED_Init) refers to oled.o(i.IIC_delay) for IIC_delay
    oled.o(i.OLED_Init) refers to oled.o(i.OLED_WR_Byte) for OLED_WR_Byte
    oled.o(i.OLED_Init) refers to oled.o(i.OLED_Clear) for OLED_Clear
    oled.o(i.OLED_Refresh) refers to oled.o(i.OLED_WR_Byte) for OLED_WR_Byte
    oled.o(i.OLED_Refresh) refers to oled.o(i.I2C_Start) for I2C_Start
    oled.o(i.OLED_Refresh) refers to oled.o(i.Send_Byte) for Send_Byte
    oled.o(i.OLED_Refresh) refers to oled.o(i.I2C_WaitAck) for I2C_WaitAck
    oled.o(i.OLED_Refresh) refers to oled.o(i.I2C_Stop) for I2C_Stop
    oled.o(i.OLED_Refresh) refers to oled.o(.bss) for OLED_GRAM
    oled.o(i.OLED_ScrollDisplay) refers to oled.o(i.OLED_ShowChinese) for OLED_ShowChinese
    oled.o(i.OLED_ScrollDisplay) refers to oled.o(i.OLED_Refresh) for OLED_Refresh
    oled.o(i.OLED_ScrollDisplay) refers to oled.o(.bss) for OLED_GRAM
    oled.o(i.OLED_ShowChar) refers to oled.o(i.OLED_DrawPoint) for OLED_DrawPoint
    oled.o(i.OLED_ShowChar) refers to oled.o(.constdata) for asc2_0806
    oled.o(i.OLED_ShowChinese) refers to oled.o(i.OLED_DrawPoint) for OLED_DrawPoint
    oled.o(i.OLED_ShowChinese) refers to oled.o(.constdata) for Hzk1
    oled.o(i.OLED_ShowNum) refers to oled.o(i.OLED_Pow) for OLED_Pow
    oled.o(i.OLED_ShowNum) refers to oled.o(i.OLED_ShowChar) for OLED_ShowChar
    oled.o(i.OLED_ShowPicture) refers to oled.o(i.OLED_DrawPoint) for OLED_DrawPoint
    oled.o(i.OLED_ShowString) refers to oled.o(i.OLED_ShowChar) for OLED_ShowChar
    oled.o(i.OLED_WR_Byte) refers to oled.o(i.I2C_Start) for I2C_Start
    oled.o(i.OLED_WR_Byte) refers to oled.o(i.Send_Byte) for Send_Byte
    oled.o(i.OLED_WR_Byte) refers to oled.o(i.I2C_WaitAck) for I2C_WaitAck
    oled.o(i.OLED_WR_Byte) refers to oled.o(i.I2C_Stop) for I2C_Stop
    oled.o(i.Send_Byte) refers to stm32f10x_gpio.o(i.GPIO_WriteBit) for GPIO_WriteBit
    oled.o(i.Send_Byte) refers to oled.o(i.IIC_delay) for IIC_delay
    key.o(i.Key_Init) refers to stm32f10x_rcc.o(i.RCC_APB2PeriphClockCmd) for RCC_APB2PeriphClockCmd
    key.o(i.Key_Init) refers to stm32f10x_gpio.o(i.GPIO_Init) for GPIO_Init
    key.o(i.Key_Init) refers to stm32f10x_nvic.o(i.NVIC_PriorityGroupConfig) for NVIC_PriorityGroupConfig
    key.o(i.Key_Init) refers to stm32f10x_nvic.o(i.NVIC_Init) for NVIC_Init
    key.o(i.Key_Init) refers to stm32f10x_gpio.o(i.GPIO_EXTILineConfig) for GPIO_EXTILineConfig
    key.o(i.Key_Init) refers to stm32f10x_exti.o(i.EXTI_Init) for EXTI_Init
    entry.o(.ARM.Collect$$$$00000000) refers (Special) to entry10a.o(.ARM.Collect$$$$0000000D) for __rt_final_cpp
    entry.o(.ARM.Collect$$$$00000000) refers (Special) to entry11a.o(.ARM.Collect$$$$0000000F) for __rt_final_exit
    entry.o(.ARM.Collect$$$$00000000) refers (Special) to entry7b.o(.ARM.Collect$$$$00000008) for _main_clock
    entry.o(.ARM.Collect$$$$00000000) refers (Special) to entry8b.o(.ARM.Collect$$$$0000000A) for _main_cpp_init
    entry.o(.ARM.Collect$$$$00000000) refers (Special) to entry9a.o(.ARM.Collect$$$$0000000B) for _main_init
    entry.o(.ARM.Collect$$$$00000000) refers (Special) to entry5.o(.ARM.Collect$$$$00000004) for _main_scatterload
    entry.o(.ARM.Collect$$$$00000000) refers (Special) to entry2.o(.ARM.Collect$$$$00000001) for _main_stk
    entry2.o(.ARM.Collect$$$$00000001) refers to entry2.o(.ARM.Collect$$$$00002712) for __lit__00000000
    entry2.o(.ARM.Collect$$$$00002712) refers to stm32f10x.o(STACK) for __initial_sp
    entry2.o(__vectab_stack_and_reset_area) refers to stm32f10x.o(STACK) for __initial_sp
    entry2.o(__vectab_stack_and_reset_area) refers to entry.o(.ARM.Collect$$$$00000000) for __main
    entry5.o(.ARM.Collect$$$$00000004) refers to init.o(.text) for __scatterload
    entry9a.o(.ARM.Collect$$$$0000000B) refers to main.o(i.main) for main
    entry9b.o(.ARM.Collect$$$$0000000C) refers to main.o(i.main) for main
    init.o(.text) refers to entry5.o(.ARM.Collect$$$$00000004) for __main_after_scatterload


==============================================================================

Removing Unused input sections from the image.

    Removing stm32f10x.o(HEAP), (0 bytes).
    Removing cortexm3_macro_rvds.o(.text), (110 bytes).
    Removing stm32f10x_usart.o(i.USART_ClearFlag), (8 bytes).
    Removing stm32f10x_usart.o(i.USART_ClearITPendingBit), (22 bytes).
    Removing stm32f10x_usart.o(i.USART_DMACmd), (18 bytes).
    Removing stm32f10x_usart.o(i.USART_DeInit), (92 bytes).
    Removing stm32f10x_usart.o(i.USART_GetFlagStatus), (18 bytes).
    Removing stm32f10x_usart.o(i.USART_GetITStatus), (76 bytes).
    Removing stm32f10x_usart.o(i.USART_HalfDuplexCmd), (24 bytes).
    Removing stm32f10x_usart.o(i.USART_ITConfig), (64 bytes).
    Removing stm32f10x_usart.o(i.USART_IrDACmd), (24 bytes).
    Removing stm32f10x_usart.o(i.USART_IrDAConfig), (18 bytes).
    Removing stm32f10x_usart.o(i.USART_LINBreakDetectLengthConfig), (18 bytes).
    Removing stm32f10x_usart.o(i.USART_LINCmd), (24 bytes).
    Removing stm32f10x_usart.o(i.USART_ReceiveData), (10 bytes).
    Removing stm32f10x_usart.o(i.USART_ReceiverWakeUpCmd), (24 bytes).
    Removing stm32f10x_usart.o(i.USART_SendBreak), (10 bytes).
    Removing stm32f10x_usart.o(i.USART_SendData), (8 bytes).
    Removing stm32f10x_usart.o(i.USART_SetAddress), (18 bytes).
    Removing stm32f10x_usart.o(i.USART_SetGuardTime), (16 bytes).
    Removing stm32f10x_usart.o(i.USART_SetPrescaler), (16 bytes).
    Removing stm32f10x_usart.o(i.USART_SmartCardCmd), (24 bytes).
    Removing stm32f10x_usart.o(i.USART_SmartCardNACKCmd), (24 bytes).
    Removing stm32f10x_usart.o(i.USART_StructInit), (32 bytes).
    Removing stm32f10x_usart.o(i.USART_WakeUpConfig), (18 bytes).
    Removing stm32f10x_gpio.o(i.GPIO_AFIODeInit), (20 bytes).
    Removing stm32f10x_gpio.o(i.GPIO_DeInit), (148 bytes).
    Removing stm32f10x_gpio.o(i.GPIO_EventOutputCmd), (12 bytes).
    Removing stm32f10x_gpio.o(i.GPIO_EventOutputConfig), (32 bytes).
    Removing stm32f10x_gpio.o(i.GPIO_PinLockConfig), (18 bytes).
    Removing stm32f10x_gpio.o(i.GPIO_ReadInputData), (8 bytes).
    Removing stm32f10x_gpio.o(i.GPIO_ReadOutputData), (8 bytes).
    Removing stm32f10x_gpio.o(i.GPIO_ReadOutputDataBit), (18 bytes).
    Removing stm32f10x_gpio.o(i.GPIO_StructInit), (16 bytes).
    Removing stm32f10x_gpio.o(i.GPIO_Write), (4 bytes).
    Removing stm32f10x_nvic.o(i.NVIC_BASEPRICONFIG), (12 bytes).
    Removing stm32f10x_nvic.o(i.NVIC_ClearIRQChannelPendingBit), (24 bytes).
    Removing stm32f10x_nvic.o(i.NVIC_ClearSystemHandlerPendingBit), (32 bytes).
    Removing stm32f10x_nvic.o(i.NVIC_DeInit), (68 bytes).
    Removing stm32f10x_nvic.o(i.NVIC_GenerateCoreReset), (16 bytes).
    Removing stm32f10x_nvic.o(i.NVIC_GenerateSystemReset), (16 bytes).
    Removing stm32f10x_nvic.o(i.NVIC_GetBASEPRI), (8 bytes).
    Removing stm32f10x_nvic.o(i.NVIC_GetCPUID), (12 bytes).
    Removing stm32f10x_nvic.o(i.NVIC_GetCurrentActiveHandler), (16 bytes).
    Removing stm32f10x_nvic.o(i.NVIC_GetCurrentPendingIRQChannel), (16 bytes).
    Removing stm32f10x_nvic.o(i.NVIC_GetFaultAddress), (32 bytes).
    Removing stm32f10x_nvic.o(i.NVIC_GetFaultHandlerSources), (68 bytes).
    Removing stm32f10x_nvic.o(i.NVIC_GetIRQChannelActiveBitStatus), (44 bytes).
    Removing stm32f10x_nvic.o(i.NVIC_GetIRQChannelPendingBitStatus), (44 bytes).
    Removing stm32f10x_nvic.o(i.NVIC_GetSystemHandlerActiveBitStatus), (44 bytes).
    Removing stm32f10x_nvic.o(i.NVIC_GetSystemHandlerPendingBitStatus), (48 bytes).
    Removing stm32f10x_nvic.o(i.NVIC_RESETFAULTMASK), (8 bytes).
    Removing stm32f10x_nvic.o(i.NVIC_RESETPRIMASK), (8 bytes).
    Removing stm32f10x_nvic.o(i.NVIC_SCBDeInit), (84 bytes).
    Removing stm32f10x_nvic.o(i.NVIC_SETFAULTMASK), (8 bytes).
    Removing stm32f10x_nvic.o(i.NVIC_SETPRIMASK), (8 bytes).
    Removing stm32f10x_nvic.o(i.NVIC_SetIRQChannelPendingBit), (12 bytes).
    Removing stm32f10x_nvic.o(i.NVIC_SetSystemHandlerPendingBit), (28 bytes).
    Removing stm32f10x_nvic.o(i.NVIC_StructInit), (12 bytes).
    Removing stm32f10x_nvic.o(i.NVIC_SystemHandlerConfig), (44 bytes).
    Removing stm32f10x_nvic.o(i.NVIC_SystemHandlerPriorityConfig), (112 bytes).
    Removing stm32f10x_nvic.o(i.NVIC_SystemLPConfig), (32 bytes).
    Removing stm32f10x_rcc.o(i.RCC_ADCCLKConfig), (24 bytes).
    Removing stm32f10x_rcc.o(i.RCC_AHBPeriphClockCmd), (32 bytes).
    Removing stm32f10x_rcc.o(i.RCC_APB1PeriphResetCmd), (32 bytes).
    Removing stm32f10x_rcc.o(i.RCC_APB2PeriphResetCmd), (32 bytes).
    Removing stm32f10x_rcc.o(i.RCC_AdjustHSICalibrationValue), (24 bytes).
    Removing stm32f10x_rcc.o(i.RCC_BackupResetCmd), (12 bytes).
    Removing stm32f10x_rcc.o(i.RCC_ClearFlag), (20 bytes).
    Removing stm32f10x_rcc.o(i.RCC_ClearITPendingBit), (12 bytes).
    Removing stm32f10x_rcc.o(i.RCC_ClockSecuritySystemCmd), (12 bytes).
    Removing stm32f10x_rcc.o(i.RCC_GetITStatus), (24 bytes).
    Removing stm32f10x_rcc.o(i.RCC_HSICmd), (12 bytes).
    Removing stm32f10x_rcc.o(i.RCC_ITConfig), (32 bytes).
    Removing stm32f10x_rcc.o(i.RCC_LSEConfig), (52 bytes).
    Removing stm32f10x_rcc.o(i.RCC_LSICmd), (12 bytes).
    Removing stm32f10x_rcc.o(i.RCC_MCOConfig), (12 bytes).
    Removing stm32f10x_rcc.o(i.RCC_RTCCLKCmd), (12 bytes).
    Removing stm32f10x_rcc.o(i.RCC_RTCCLKConfig), (16 bytes).
    Removing stm32f10x_rcc.o(i.RCC_USBCLKConfig), (12 bytes).
    Removing stm32f10x_spi.o(i.SPI_BiDirectionalLineConfig), (28 bytes).
    Removing stm32f10x_spi.o(i.SPI_CalculateCRC), (24 bytes).
    Removing stm32f10x_spi.o(i.SPI_ClearFlag), (32 bytes).
    Removing stm32f10x_spi.o(i.SPI_ClearITPendingBit), (46 bytes).
    Removing stm32f10x_spi.o(i.SPI_Cmd), (24 bytes).
    Removing stm32f10x_spi.o(i.SPI_DMACmd), (18 bytes).
    Removing stm32f10x_spi.o(i.SPI_DataSizeConfig), (20 bytes).
    Removing stm32f10x_spi.o(i.SPI_DeInit), (68 bytes).
    Removing stm32f10x_spi.o(i.SPI_GetCRC), (16 bytes).
    Removing stm32f10x_spi.o(i.SPI_GetCRCPolynomial), (6 bytes).
    Removing stm32f10x_spi.o(i.SPI_GetFlagStatus), (18 bytes).
    Removing stm32f10x_spi.o(i.SPI_GetITStatus), (52 bytes).
    Removing stm32f10x_spi.o(i.SPI_ITConfig), (32 bytes).
    Removing stm32f10x_spi.o(i.SPI_Init), (50 bytes).
    Removing stm32f10x_spi.o(i.SPI_NSSInternalSoftwareConfig), (30 bytes).
    Removing stm32f10x_spi.o(i.SPI_ReceiveData), (6 bytes).
    Removing stm32f10x_spi.o(i.SPI_SSOutputCmd), (24 bytes).
    Removing stm32f10x_spi.o(i.SPI_SendData), (4 bytes).
    Removing stm32f10x_spi.o(i.SPI_StructInit), (24 bytes).
    Removing stm32f10x_spi.o(i.SPI_TransmitCRC), (10 bytes).
    Removing stm32f10x_systick.o(i.SysTick_CounterCmd), (52 bytes).
    Removing stm32f10x_systick.o(i.SysTick_GetCounter), (8 bytes).
    Removing stm32f10x_systick.o(i.SysTick_GetFlagStatus), (50 bytes).
    Removing stm32f10x_systick.o(i.SysTick_ITConfig), (38 bytes).
    Removing stm32f10x_systick.o(i.SysTick_SetReload), (8 bytes).
    Removing stm32f10x_tim.o(i.ETR_Config), (26 bytes).
    Removing stm32f10x_tim.o(i.PWMI_Config), (124 bytes).
    Removing stm32f10x_tim.o(i.TI1_Config), (56 bytes).
    Removing stm32f10x_tim.o(i.TI2_Config), (80 bytes).
    Removing stm32f10x_tim.o(i.TI3_Config), (66 bytes).
    Removing stm32f10x_tim.o(i.TI4_Config), (82 bytes).
    Removing stm32f10x_tim.o(i.TIM_ARRPreloadConfig), (24 bytes).
    Removing stm32f10x_tim.o(i.TIM_ClearFlag), (8 bytes).
    Removing stm32f10x_tim.o(i.TIM_ClearITPendingBit), (8 bytes).
    Removing stm32f10x_tim.o(i.TIM_Cmd), (24 bytes).
    Removing stm32f10x_tim.o(i.TIM_CounterModeConfig), (18 bytes).
    Removing stm32f10x_tim.o(i.TIM_DMACmd), (24 bytes).
    Removing stm32f10x_tim.o(i.TIM_DMAConfig), (22 bytes).
    Removing stm32f10x_tim.o(i.TIM_DeInit), (88 bytes).
    Removing stm32f10x_tim.o(i.TIM_ETRClockMode1Config), (64 bytes).
    Removing stm32f10x_tim.o(i.TIM_ETRClockMode2Config), (36 bytes).
    Removing stm32f10x_tim.o(i.TIM_EncoderInterfaceConfig), (66 bytes).
    Removing stm32f10x_tim.o(i.TIM_ForcedOC1Config), (18 bytes).
    Removing stm32f10x_tim.o(i.TIM_ForcedOC2Config), (26 bytes).
    Removing stm32f10x_tim.o(i.TIM_ForcedOC3Config), (18 bytes).
    Removing stm32f10x_tim.o(i.TIM_ForcedOC4Config), (26 bytes).
    Removing stm32f10x_tim.o(i.TIM_GenerateEvent), (8 bytes).
    Removing stm32f10x_tim.o(i.TIM_GetCapture1), (6 bytes).
    Removing stm32f10x_tim.o(i.TIM_GetCapture2), (6 bytes).
    Removing stm32f10x_tim.o(i.TIM_GetCapture3), (6 bytes).
    Removing stm32f10x_tim.o(i.TIM_GetCapture4), (8 bytes).
    Removing stm32f10x_tim.o(i.TIM_GetCounter), (6 bytes).
    Removing stm32f10x_tim.o(i.TIM_GetFlagStatus), (18 bytes).
    Removing stm32f10x_tim.o(i.TIM_GetITStatus), (34 bytes).
    Removing stm32f10x_tim.o(i.TIM_GetPrescaler), (6 bytes).
    Removing stm32f10x_tim.o(i.TIM_ICInit), (126 bytes).
    Removing stm32f10x_tim.o(i.TIM_ICStructInit), (22 bytes).
    Removing stm32f10x_tim.o(i.TIM_ITConfig), (18 bytes).
    Removing stm32f10x_tim.o(i.TIM_ITRxExternalClockConfig), (24 bytes).
    Removing stm32f10x_tim.o(i.TIM_InternalClockConfig), (12 bytes).
    Removing stm32f10x_tim.o(i.TIM_OC1FastConfig), (18 bytes).
    Removing stm32f10x_tim.o(i.TIM_OC1PolarityConfig), (18 bytes).
    Removing stm32f10x_tim.o(i.TIM_OC1PreloadConfig), (18 bytes).
    Removing stm32f10x_tim.o(i.TIM_OC2FastConfig), (26 bytes).
    Removing stm32f10x_tim.o(i.TIM_OC2PolarityConfig), (26 bytes).
    Removing stm32f10x_tim.o(i.TIM_OC2PreloadConfig), (26 bytes).
    Removing stm32f10x_tim.o(i.TIM_OC3FastConfig), (18 bytes).
    Removing stm32f10x_tim.o(i.TIM_OC3PolarityConfig), (26 bytes).
    Removing stm32f10x_tim.o(i.TIM_OC3PreloadConfig), (18 bytes).
    Removing stm32f10x_tim.o(i.TIM_OC4FastConfig), (26 bytes).
    Removing stm32f10x_tim.o(i.TIM_OC4PolarityConfig), (26 bytes).
    Removing stm32f10x_tim.o(i.TIM_OC4PreloadConfig), (26 bytes).
    Removing stm32f10x_tim.o(i.TIM_OCInit), (224 bytes).
    Removing stm32f10x_tim.o(i.TIM_OCStructInit), (12 bytes).
    Removing stm32f10x_tim.o(i.TIM_PrescalerConfig), (26 bytes).
    Removing stm32f10x_tim.o(i.TIM_SelectCCDMA), (22 bytes).
    Removing stm32f10x_tim.o(i.TIM_SelectHallSensor), (24 bytes).
    Removing stm32f10x_tim.o(i.TIM_SelectInputTrigger), (18 bytes).
    Removing stm32f10x_tim.o(i.TIM_SelectMasterSlaveMode), (18 bytes).
    Removing stm32f10x_tim.o(i.TIM_SelectOnePulseMode), (18 bytes).
    Removing stm32f10x_tim.o(i.TIM_SelectOutputTrigger), (16 bytes).
    Removing stm32f10x_tim.o(i.TIM_SelectSlaveMode), (18 bytes).
    Removing stm32f10x_tim.o(i.TIM_SetAutoreload), (4 bytes).
    Removing stm32f10x_tim.o(i.TIM_SetClockDivision), (14 bytes).
    Removing stm32f10x_tim.o(i.TIM_SetCompare1), (4 bytes).
    Removing stm32f10x_tim.o(i.TIM_SetCompare2), (4 bytes).
    Removing stm32f10x_tim.o(i.TIM_SetCompare3), (4 bytes).
    Removing stm32f10x_tim.o(i.TIM_SetCompare4), (6 bytes).
    Removing stm32f10x_tim.o(i.TIM_SetIC1Prescaler), (18 bytes).
    Removing stm32f10x_tim.o(i.TIM_SetIC2Prescaler), (26 bytes).
    Removing stm32f10x_tim.o(i.TIM_SetIC3Prescaler), (18 bytes).
    Removing stm32f10x_tim.o(i.TIM_SetIC4Prescaler), (26 bytes).
    Removing stm32f10x_tim.o(i.TIM_TIxExternalClockConfig), (62 bytes).
    Removing stm32f10x_tim.o(i.TIM_TimeBaseInit), (30 bytes).
    Removing stm32f10x_tim.o(i.TIM_TimeBaseStructInit), (12 bytes).
    Removing stm32f10x_tim.o(i.TIM_UpdateDisableConfig), (24 bytes).
    Removing stm32f10x_tim.o(i.TIM_UpdateRequestConfig), (26 bytes).
    Removing stm32f10x_tim.o(.constdata), (16 bytes).
    Removing stm32f10x_exti.o(i.EXTI_ClearFlag), (12 bytes).
    Removing stm32f10x_exti.o(i.EXTI_DeInit), (36 bytes).
    Removing stm32f10x_exti.o(i.EXTI_GenerateSWInterrupt), (16 bytes).
    Removing stm32f10x_exti.o(i.EXTI_GetFlagStatus), (24 bytes).
    Removing stm32f10x_exti.o(i.EXTI_StructInit), (16 bytes).
    Removing serial.o(i.fputc), (24 bytes).
    Removing tasks.o(i.pcTaskGetName), (24 bytes).
    Removing tasks.o(i.prvTaskIsTaskSuspended), (64 bytes).
    Removing tasks.o(i.ulTaskGenericNotifyTake), (136 bytes).
    Removing tasks.o(i.ulTaskGenericNotifyValueClear), (64 bytes).
    Removing tasks.o(i.uxTaskGetNumberOfTasks), (12 bytes).
    Removing tasks.o(i.uxTaskPriorityGet), (36 bytes).
    Removing tasks.o(i.uxTaskPriorityGetFromISR), (56 bytes).
    Removing tasks.o(i.uxTaskResetEventItemValue), (28 bytes).
    Removing tasks.o(i.vTaskEndScheduler), (36 bytes).
    Removing tasks.o(i.vTaskGenericNotifyGiveFromISR), (336 bytes).
    Removing tasks.o(i.vTaskInternalSetTimeOutState), (24 bytes).
    Removing tasks.o(i.vTaskMissedYield), (12 bytes).
    Removing tasks.o(i.vTaskPlaceOnEventList), (32 bytes).
    Removing tasks.o(i.vTaskPlaceOnUnorderedEventList), (80 bytes).
    Removing tasks.o(i.vTaskPrioritySet), (284 bytes).
    Removing tasks.o(i.vTaskRemoveFromUnorderedEventList), (208 bytes).
    Removing tasks.o(i.vTaskResume), (172 bytes).
    Removing tasks.o(i.vTaskSetTimeOutState), (36 bytes).
    Removing tasks.o(i.vTaskSuspend), (216 bytes).
    Removing tasks.o(i.xTaskCatchUpTicks), (32 bytes).
    Removing tasks.o(i.xTaskCheckForTimeOut), (96 bytes).
    Removing tasks.o(i.xTaskDelayUntil), (116 bytes).
    Removing tasks.o(i.xTaskGenericNotify), (332 bytes).
    Removing tasks.o(i.xTaskGenericNotifyFromISR), (504 bytes).
    Removing tasks.o(i.xTaskGenericNotifyStateClear), (64 bytes).
    Removing tasks.o(i.xTaskGenericNotifyWait), (172 bytes).
    Removing tasks.o(i.xTaskGetTickCount), (12 bytes).
    Removing tasks.o(i.xTaskGetTickCountFromISR), (12 bytes).
    Removing tasks.o(i.xTaskRemoveFromEventList), (264 bytes).
    Removing tasks.o(i.xTaskResumeFromISR), (216 bytes).
    Removing queue.o(i.prvCopyDataFromQueue), (42 bytes).
    Removing queue.o(i.prvCopyDataToQueue), (106 bytes).
    Removing queue.o(i.prvInitialiseNewQueue), (38 bytes).
    Removing queue.o(i.prvIsQueueEmpty), (26 bytes).
    Removing queue.o(i.prvIsQueueFull), (30 bytes).
    Removing queue.o(i.prvUnlockQueue), (126 bytes).
    Removing queue.o(i.uxQueueMessagesWaiting), (18 bytes).
    Removing queue.o(i.uxQueueMessagesWaitingFromISR), (8 bytes).
    Removing queue.o(i.uxQueueSpacesAvailable), (24 bytes).
    Removing queue.o(i.vQueueDelete), (20 bytes).
    Removing queue.o(i.xQueueGenericCreate), (82 bytes).
    Removing queue.o(i.xQueueGenericCreateStatic), (62 bytes).
    Removing queue.o(i.xQueueGenericReset), (160 bytes).
    Removing queue.o(i.xQueueGenericSend), (280 bytes).
    Removing queue.o(i.xQueueGenericSendFromISR), (138 bytes).
    Removing queue.o(i.xQueueGiveFromISR), (120 bytes).
    Removing queue.o(i.xQueueIsQueueEmptyFromISR), (16 bytes).
    Removing queue.o(i.xQueueIsQueueFullFromISR), (22 bytes).
    Removing queue.o(i.xQueuePeek), (268 bytes).
    Removing queue.o(i.xQueuePeekFromISR), (74 bytes).
    Removing queue.o(i.xQueueReceive), (260 bytes).
    Removing queue.o(i.xQueueReceiveFromISR), (130 bytes).
    Removing queue.o(i.xQueueSemaphoreTake), (240 bytes).
    Removing port.o(i.vPortEndScheduler), (2 bytes).
    Removing heap_2.o(i.vPortInitialiseBlocks), (2 bytes).
    Removing heap_2.o(i.xPortGetFreeHeapSize), (12 bytes).
    Removing oled.o(i.OLED_ColorTurn), (28 bytes).
    Removing oled.o(i.OLED_DisPlay_Off), (28 bytes).
    Removing oled.o(i.OLED_DisPlay_On), (28 bytes).
    Removing oled.o(i.OLED_DisplayTurn), (44 bytes).
    Removing oled.o(i.OLED_DrawCircle), (168 bytes).
    Removing oled.o(i.OLED_DrawLine), (172 bytes).
    Removing oled.o(i.OLED_Pow), (22 bytes).
    Removing oled.o(i.OLED_ScrollDisplay), (172 bytes).
    Removing oled.o(i.OLED_ShowChinese), (260 bytes).
    Removing oled.o(i.OLED_ShowNum), (140 bytes).
    Removing oled.o(i.OLED_ShowPicture), (214 bytes).

251 unused section(s) (total 12480 bytes) removed from the image.

==============================================================================

Image Symbol Table

    Local Symbols

    Symbol Name                              Value     Ov Type        Size  Object(Section)

    ../clib/microlib/init/entry.s            0x00000000   Number         0  entry8b.o ABSOLUTE
    ../clib/microlib/init/entry.s            0x00000000   Number         0  entry7a.o ABSOLUTE
    ../clib/microlib/init/entry.s            0x00000000   Number         0  entry5.o ABSOLUTE
    ../clib/microlib/init/entry.s            0x00000000   Number         0  entry9a.o ABSOLUTE
    ../clib/microlib/init/entry.s            0x00000000   Number         0  entry.o ABSOLUTE
    ../clib/microlib/init/entry.s            0x00000000   Number         0  entry2.o ABSOLUTE
    ../clib/microlib/init/entry.s            0x00000000   Number         0  entry9b.o ABSOLUTE
    ../clib/microlib/init/entry.s            0x00000000   Number         0  entry10a.o ABSOLUTE
    ../clib/microlib/init/entry.s            0x00000000   Number         0  entry10b.o ABSOLUTE
    ../clib/microlib/init/entry.s            0x00000000   Number         0  entry8a.o ABSOLUTE
    ../clib/microlib/init/entry.s            0x00000000   Number         0  entry11a.o ABSOLUTE
    ../clib/microlib/init/entry.s            0x00000000   Number         0  entry11b.o ABSOLUTE
    ../clib/microlib/init/entry.s            0x00000000   Number         0  entry7b.o ABSOLUTE
    ../clib/microlib/string/memcpy.c         0x00000000   Number         0  memcpyb.o ABSOLUTE
    ../clib/microlib/string/memcpy.c         0x00000000   Number         0  memcpya.o ABSOLUTE
    ..\..\Source\list.c                      0x00000000   Number         0  list.o ABSOLUTE
    ..\..\Source\portable\MemMang\heap_2.c   0x00000000   Number         0  heap_2.o ABSOLUTE
    ..\..\Source\portable\RVDS\ARM_CM3\port.c 0x00000000   Number         0  port.o ABSOLUTE
    ..\..\Source\queue.c                     0x00000000   Number         0  queue.o ABSOLUTE
    ..\..\Source\tasks.c                     0x00000000   Number         0  tasks.o ABSOLUTE
    ..\Common\drivers\ST\STM32F10xFWLib\src\cortexm3_macro_rvds.s 0x00000000   Number         0  cortexm3_macro_rvds.o ABSOLUTE
    ..\\..\\Source\\portable\\RVDS\\ARM_CM3\\port.c 0x00000000   Number         0  port.o ABSOLUTE
    STM32F10x.s                              0x00000000   Number         0  stm32f10x.o ABSOLUTE
    STM32F10xFWLib\src\stm32f10x_exti.c      0x00000000   Number         0  stm32f10x_exti.o ABSOLUTE
    STM32F10xFWLib\src\stm32f10x_gpio.c      0x00000000   Number         0  stm32f10x_gpio.o ABSOLUTE
    STM32F10xFWLib\src\stm32f10x_lib.c       0x00000000   Number         0  stm32f10x_lib.o ABSOLUTE
    STM32F10xFWLib\src\stm32f10x_nvic.c      0x00000000   Number         0  stm32f10x_nvic.o ABSOLUTE
    STM32F10xFWLib\src\stm32f10x_rcc.c       0x00000000   Number         0  stm32f10x_rcc.o ABSOLUTE
    STM32F10xFWLib\src\stm32f10x_spi.c       0x00000000   Number         0  stm32f10x_spi.o ABSOLUTE
    STM32F10xFWLib\src\stm32f10x_systick.c   0x00000000   Number         0  stm32f10x_systick.o ABSOLUTE
    STM32F10xFWLib\src\stm32f10x_tim.c       0x00000000   Number         0  stm32f10x_tim.o ABSOLUTE
    STM32F10xFWLib\src\stm32f10x_usart.c     0x00000000   Number         0  stm32f10x_usart.o ABSOLUTE
    dc.s                                     0x00000000   Number         0  dc.o ABSOLUTE
    handlers.s                               0x00000000   Number         0  handlers.o ABSOLUTE
    init.s                                   0x00000000   Number         0  init.o ABSOLUTE
    main.c                                   0x00000000   Number         0  main.o ABSOLUTE
    serial\serial.c                          0x00000000   Number         0  serial.o ABSOLUTE
    user\OLED.c                              0x00000000   Number         0  oled.o ABSOLUTE
    user\key.c                               0x00000000   Number         0  key.o ABSOLUTE
    RESET                                    0x08000000   Section      236  stm32f10x.o(RESET)
    .ARM.Collect$$$$00000000                 0x080000ec   Section        0  entry.o(.ARM.Collect$$$$00000000)
    .ARM.Collect$$$$00000001                 0x080000ec   Section        4  entry2.o(.ARM.Collect$$$$00000001)
    .ARM.Collect$$$$00000004                 0x080000f0   Section        4  entry5.o(.ARM.Collect$$$$00000004)
    .ARM.Collect$$$$00000008                 0x080000f4   Section        0  entry7b.o(.ARM.Collect$$$$00000008)
    .ARM.Collect$$$$0000000A                 0x080000f4   Section        0  entry8b.o(.ARM.Collect$$$$0000000A)
    .ARM.Collect$$$$0000000B                 0x080000f4   Section        8  entry9a.o(.ARM.Collect$$$$0000000B)
    .ARM.Collect$$$$0000000D                 0x080000fc   Section        0  entry10a.o(.ARM.Collect$$$$0000000D)
    .ARM.Collect$$$$0000000F                 0x080000fc   Section        0  entry11a.o(.ARM.Collect$$$$0000000F)
    .ARM.Collect$$$$00002712                 0x080000fc   Section        4  entry2.o(.ARM.Collect$$$$00002712)
    __lit__00000000                          0x080000fc   Data           4  entry2.o(.ARM.Collect$$$$00002712)
    .emb_text                                0x08000100   Section      150  port.o(.emb_text)
    .text                                    0x08000198   Section       28  stm32f10x.o(.text)
    .text                                    0x080001b4   Section       36  init.o(.text)
    i.EXTI0_IRQHandler                       0x080001d8   Section        0  main.o(i.EXTI0_IRQHandler)
    i.EXTI1_IRQHandler                       0x0800029c   Section        0  main.o(i.EXTI1_IRQHandler)
    i.EXTI4_IRQHandler                       0x080002f8   Section        0  main.o(i.EXTI4_IRQHandler)
    i.EXTI9_5_IRQHandler                     0x08000348   Section        0  main.o(i.EXTI9_5_IRQHandler)
    i.EXTI_ClearITPendingBit                 0x08000398   Section        0  stm32f10x_exti.o(i.EXTI_ClearITPendingBit)
    i.EXTI_GetITStatus                       0x080003a4   Section        0  stm32f10x_exti.o(i.EXTI_GetITStatus)
    i.EXTI_Init                              0x080003cc   Section        0  stm32f10x_exti.o(i.EXTI_Init)
    i.GPIO_EXTILineConfig                    0x08000464   Section        0  stm32f10x_gpio.o(i.GPIO_EXTILineConfig)
    i.GPIO_Init                              0x080004a4   Section        0  stm32f10x_gpio.o(i.GPIO_Init)
    i.GPIO_PinRemapConfig                    0x080005bc   Section        0  stm32f10x_gpio.o(i.GPIO_PinRemapConfig)
    i.GPIO_ReadInputDataBit                  0x08000618   Section        0  stm32f10x_gpio.o(i.GPIO_ReadInputDataBit)
    i.GPIO_WriteBit                          0x0800062a   Section        0  stm32f10x_gpio.o(i.GPIO_WriteBit)
    i.HighLedFlash                           0x08000634   Section        0  main.o(i.HighLedFlash)
    i.I2C_Start                              0x08000660   Section        0  oled.o(i.I2C_Start)
    i.I2C_Stop                               0x0800069c   Section        0  oled.o(i.I2C_Stop)
    i.I2C_WaitAck                            0x080006c8   Section        0  oled.o(i.I2C_WaitAck)
    i.IIC_delay                              0x080006fc   Section        0  oled.o(i.IIC_delay)
    i.KeyContrlOled                          0x0800070c   Section        0  main.o(i.KeyContrlOled)
    i.Key_Init                               0x08000714   Section        0  key.o(i.Key_Init)
    i.LED_Init                               0x080007e0   Section        0  main.o(i.LED_Init)
    i.NVIC_Init                              0x08000820   Section        0  stm32f10x_nvic.o(i.NVIC_Init)
    i.NVIC_PriorityGroupConfig               0x080008c4   Section        0  stm32f10x_nvic.o(i.NVIC_PriorityGroupConfig)
    i.NVIC_SetVectorTable                    0x080008d8   Section        0  stm32f10x_nvic.o(i.NVIC_SetVectorTable)
    i.OLED_Clear                             0x080008f4   Section        0  oled.o(i.OLED_Clear)
    i.OLED_DrawPoint                         0x08000924   Section        0  oled.o(i.OLED_DrawPoint)
    i.OLED_Init                              0x0800099c   Section        0  oled.o(i.OLED_Init)
    i.OLED_Refresh                           0x08000b48   Section        0  oled.o(i.OLED_Refresh)
    i.OLED_ShowChar                          0x08000bb0   Section        0  oled.o(i.OLED_ShowChar)
    i.OLED_ShowString                        0x08000cec   Section        0  oled.o(i.OLED_ShowString)
    i.OLED_WR_Byte                           0x08000d36   Section        0  oled.o(i.OLED_WR_Byte)
    i.RCC_APB1PeriphClockCmd                 0x08000d70   Section        0  stm32f10x_rcc.o(i.RCC_APB1PeriphClockCmd)
    i.RCC_APB2PeriphClockCmd                 0x08000d90   Section        0  stm32f10x_rcc.o(i.RCC_APB2PeriphClockCmd)
    i.RCC_DeInit                             0x08000db0   Section        0  stm32f10x_rcc.o(i.RCC_DeInit)
    i.RCC_GetClocksFreq                      0x08000e0c   Section        0  stm32f10x_rcc.o(i.RCC_GetClocksFreq)
    i.RCC_GetFlagStatus                      0x08000ee0   Section        0  stm32f10x_rcc.o(i.RCC_GetFlagStatus)
    i.RCC_GetSYSCLKSource                    0x08000f1c   Section        0  stm32f10x_rcc.o(i.RCC_GetSYSCLKSource)
    i.RCC_HCLKConfig                         0x08000f2c   Section        0  stm32f10x_rcc.o(i.RCC_HCLKConfig)
    i.RCC_HSEConfig                          0x08000f44   Section        0  stm32f10x_rcc.o(i.RCC_HSEConfig)
    i.RCC_PCLK1Config                        0x08000f90   Section        0  stm32f10x_rcc.o(i.RCC_PCLK1Config)
    i.RCC_PCLK2Config                        0x08000fa8   Section        0  stm32f10x_rcc.o(i.RCC_PCLK2Config)
    i.RCC_PLLCmd                             0x08000fc0   Section        0  stm32f10x_rcc.o(i.RCC_PLLCmd)
    i.RCC_PLLConfig                          0x08000fcc   Section        0  stm32f10x_rcc.o(i.RCC_PLLConfig)
    i.RCC_SYSCLKConfig                       0x08000fe8   Section        0  stm32f10x_rcc.o(i.RCC_SYSCLKConfig)
    i.Send_Byte                              0x08001000   Section        0  oled.o(i.Send_Byte)
    i.SerialPortInit                         0x08001054   Section        0  serial.o(i.SerialPortInit)
    i.SysTick_CLKSourceConfig                0x080010e8   Section        0  stm32f10x_systick.o(i.SysTick_CLKSourceConfig)
    i.USART_Cmd                              0x08001110   Section        0  stm32f10x_usart.o(i.USART_Cmd)
    i.USART_Init                             0x08001128   Section        0  stm32f10x_usart.o(i.USART_Init)
    i.__scatterload_copy                     0x080011d4   Section       14  handlers.o(i.__scatterload_copy)
    i.__scatterload_null                     0x080011e2   Section        2  handlers.o(i.__scatterload_null)
    i.__scatterload_zeroinit                 0x080011e4   Section       14  handlers.o(i.__scatterload_zeroinit)
    i.main                                   0x080011f2   Section        0  main.o(i.main)
    i.main_delay_ms                          0x08001208   Section        0  main.o(i.main_delay_ms)
    i.prvAddCurrentTaskToDelayedList         0x08001228   Section        0  tasks.o(i.prvAddCurrentTaskToDelayedList)
    prvAddCurrentTaskToDelayedList           0x08001229   Thumb Code   164  tasks.o(i.prvAddCurrentTaskToDelayedList)
    i.prvAddNewTaskToReadyList               0x080012e8   Section        0  tasks.o(i.prvAddNewTaskToReadyList)
    prvAddNewTaskToReadyList                 0x080012e9   Thumb Code   200  tasks.o(i.prvAddNewTaskToReadyList)
    i.prvCheckTasksWaitingTermination        0x080013cc   Section        0  tasks.o(i.prvCheckTasksWaitingTermination)
    prvCheckTasksWaitingTermination          0x080013cd   Thumb Code    60  tasks.o(i.prvCheckTasksWaitingTermination)
    i.prvDeleteTCB                           0x08001414   Section        0  tasks.o(i.prvDeleteTCB)
    prvDeleteTCB                             0x08001415   Thumb Code    40  tasks.o(i.prvDeleteTCB)
    i.prvHeapInit                            0x0800143c   Section        0  heap_2.o(i.prvHeapInit)
    prvHeapInit                              0x0800143d   Thumb Code    42  heap_2.o(i.prvHeapInit)
    i.prvIdleTask                            0x08001474   Section        0  tasks.o(i.prvIdleTask)
    prvIdleTask                              0x08001475   Thumb Code    36  tasks.o(i.prvIdleTask)
    i.prvInitialiseNewTask                   0x080014a0   Section        0  tasks.o(i.prvInitialiseNewTask)
    prvInitialiseNewTask                     0x080014a1   Thumb Code   138  tasks.o(i.prvInitialiseNewTask)
    i.prvInitialiseTaskLists                 0x0800152c   Section        0  tasks.o(i.prvInitialiseTaskLists)
    prvInitialiseTaskLists                   0x0800152d   Thumb Code    70  tasks.o(i.prvInitialiseTaskLists)
    i.prvResetNextTaskUnblockTime            0x08001594   Section        0  tasks.o(i.prvResetNextTaskUnblockTime)
    prvResetNextTaskUnblockTime              0x08001595   Thumb Code    40  tasks.o(i.prvResetNextTaskUnblockTime)
    i.prvSetupHardware                       0x080015c4   Section        0  main.o(i.prvSetupHardware)
    prvSetupHardware                         0x080015c5   Thumb Code   142  main.o(i.prvSetupHardware)
    i.prvTaskExitError                       0x08001658   Section        0  port.o(i.prvTaskExitError)
    prvTaskExitError                         0x08001659   Thumb Code    22  port.o(i.prvTaskExitError)
    i.pvPortMalloc                           0x08001670   Section        0  heap_2.o(i.pvPortMalloc)
    i.pxPortInitialiseStack                  0x08001740   Section        0  port.o(i.pxPortInitialiseStack)
    i.uxListRemove                           0x08001764   Section        0  list.o(i.uxListRemove)
    i.vApplicationGetIdleTaskMemory          0x0800178c   Section        0  main.o(i.vApplicationGetIdleTaskMemory)
    i.vApplicationIdleHook                   0x080017a4   Section        0  main.o(i.vApplicationIdleHook)
    i.vListInitialise                        0x080017a6   Section        0  list.o(i.vListInitialise)
    i.vListInitialiseItem                    0x080017c0   Section        0  list.o(i.vListInitialiseItem)
    i.vListInsert                            0x080017c6   Section        0  list.o(i.vListInsert)
    i.vListInsertEnd                         0x080017fa   Section        0  list.o(i.vListInsertEnd)
    i.vPortEnterCritical                     0x08001814   Section        0  port.o(i.vPortEnterCritical)
    i.vPortExitCritical                      0x08001838   Section        0  port.o(i.vPortExitCritical)
    i.vPortFree                              0x08001858   Section        0  heap_2.o(i.vPortFree)
    i.vPortSetupTimerInterrupt               0x08001898   Section        0  port.o(i.vPortSetupTimerInterrupt)
    i.vTaskDelay                             0x080018b0   Section        0  tasks.o(i.vTaskDelay)
    i.vTaskDelete                            0x080018e4   Section        0  tasks.o(i.vTaskDelete)
    i.vTaskStartScheduler                    0x080019b0   Section        0  tasks.o(i.vTaskStartScheduler)
    i.vTaskSuspendAll                        0x08001a44   Section        0  tasks.o(i.vTaskSuspendAll)
    i.vTaskSwitchContext                     0x08001a54   Section        0  tasks.o(i.vTaskSwitchContext)
    i.xPortStartScheduler                    0x08001ab4   Section        0  port.o(i.xPortStartScheduler)
    i.xPortSysTickHandler                    0x08001ae8   Section        0  port.o(i.xPortSysTickHandler)
    i.xTaskCreate                            0x08001b1c   Section        0  tasks.o(i.xTaskCreate)
    i.xTaskCreateStatic                      0x08001b80   Section        0  tasks.o(i.xTaskCreateStatic)
    i.xTaskIncrementTick                     0x08001bd0   Section        0  tasks.o(i.xTaskIncrementTick)
    i.xTaskResumeAll                         0x08001d60   Section        0  tasks.o(i.xTaskResumeAll)
    .constdata                               0x08001ebc   Section       20  stm32f10x_rcc.o(.constdata)
    APBAHBPrescTable                         0x08001ebc   Data          16  stm32f10x_rcc.o(.constdata)
    ADCPrescTable                            0x08001ecc   Data           4  stm32f10x_rcc.o(.constdata)
    .constdata                               0x08001ed0   Section     8016  oled.o(.constdata)
    .data                                    0x20000000   Section       17  main.o(.data)
    .data                                    0x20000014   Section       64  tasks.o(.data)
    pxDelayedTaskList                        0x20000018   Data           4  tasks.o(.data)
    pxOverflowDelayedTaskList                0x2000001c   Data           4  tasks.o(.data)
    uxDeletedTasksWaitingCleanUp             0x20000020   Data           4  tasks.o(.data)
    uxCurrentNumberOfTasks                   0x20000024   Data           4  tasks.o(.data)
    xTickCount                               0x20000028   Data           4  tasks.o(.data)
    uxTopReadyPriority                       0x2000002c   Data           4  tasks.o(.data)
    xSchedulerRunning                        0x20000030   Data           4  tasks.o(.data)
    xPendedTicks                             0x20000034   Data           4  tasks.o(.data)
    xYieldPending                            0x20000038   Data           4  tasks.o(.data)
    xNumOfOverflows                          0x2000003c   Data           4  tasks.o(.data)
    uxTaskNumber                             0x20000040   Data           4  tasks.o(.data)
    xNextTaskUnblockTime                     0x20000044   Data           4  tasks.o(.data)
    xIdleTaskHandle                          0x20000048   Data           4  tasks.o(.data)
    uxSchedulerSuspended                     0x20000050   Data           4  tasks.o(.data)
    .data                                    0x20000054   Section        4  port.o(.data)
    uxCriticalNesting                        0x20000054   Data           4  port.o(.data)
    .data                                    0x20000058   Section       24  heap_2.o(.data)
    xStart                                   0x20000058   Data           8  heap_2.o(.data)
    xEnd                                     0x20000060   Data           8  heap_2.o(.data)
    xFreeBytesRemaining                      0x20000068   Data           4  heap_2.o(.data)
    xHeapHasBeenInitialised                  0x2000006c   Data           4  heap_2.o(.data)
    .bss                                     0x20000070   Section      952  main.o(.bss)
    .bss                                     0x20000428   Section      200  tasks.o(.bss)
    pxReadyTasksLists                        0x20000428   Data         100  tasks.o(.bss)
    xDelayedTaskList1                        0x2000048c   Data          20  tasks.o(.bss)
    xDelayedTaskList2                        0x200004a0   Data          20  tasks.o(.bss)
    xPendingReadyList                        0x200004b4   Data          20  tasks.o(.bss)
    xTasksWaitingTermination                 0x200004c8   Data          20  tasks.o(.bss)
    xSuspendedTaskList                       0x200004dc   Data          20  tasks.o(.bss)
    .bss                                     0x200004f0   Section    17408  heap_2.o(.bss)
    ucHeap                                   0x200004f0   Data       17408  heap_2.o(.bss)
    .bss                                     0x200048f0   Section     1152  oled.o(.bss)
    STACK                                    0x20004d70   Section      512  stm32f10x.o(STACK)

    Global Symbols

    Symbol Name                              Value     Ov Type        Size  Object(Section)

    BuildAttributes$$THM_ISAv4$P$D$K$B$S$PE$A:L22UL41UL21$X:L11$S22US41US21$IEEE1$IW$USESV6$~STKCKD$USESV7$~SHL$OSPACE$EBA8$MICROLIB$REQ8$PRES8$EABIv2 0x00000000   Number         0  anon$$obj.o ABSOLUTE
    __ARM_use_no_argv                        0x00000000   Number         0  main.o ABSOLUTE
    __cpp_initialize__aeabi_                  - Undefined Weak Reference
    __cxa_finalize                            - Undefined Weak Reference
    __decompress                              - Undefined Weak Reference
    _clock_init                               - Undefined Weak Reference
    _microlib_exit                            - Undefined Weak Reference
    __Vectors                                0x08000000   Data           4  stm32f10x.o(RESET)
    __main                                   0x080000ed   Thumb Code     0  entry.o(.ARM.Collect$$$$00000000)
    _main_stk                                0x080000ed   Thumb Code     0  entry2.o(.ARM.Collect$$$$00000001)
    _main_scatterload                        0x080000f1   Thumb Code     0  entry5.o(.ARM.Collect$$$$00000004)
    __main_after_scatterload                 0x080000f5   Thumb Code     0  entry5.o(.ARM.Collect$$$$00000004)
    _main_clock                              0x080000f5   Thumb Code     0  entry7b.o(.ARM.Collect$$$$00000008)
    _main_cpp_init                           0x080000f5   Thumb Code     0  entry8b.o(.ARM.Collect$$$$0000000A)
    _main_init                               0x080000f5   Thumb Code     0  entry9a.o(.ARM.Collect$$$$0000000B)
    __rt_final_cpp                           0x080000fd   Thumb Code     0  entry10a.o(.ARM.Collect$$$$0000000D)
    __rt_final_exit                          0x080000fd   Thumb Code     0  entry11a.o(.ARM.Collect$$$$0000000F)
    vPortSVCHandler                          0x08000101   Thumb Code    32  port.o(.emb_text)
    __asm___6_port_c_39a90d8d__prvStartFirstTask 0x08000125   Thumb Code    28  port.o(.emb_text)
    xPortPendSVHandler                       0x08000145   Thumb Code    72  port.o(.emb_text)
    vPortGetIPSR                             0x08000191   Thumb Code     6  port.o(.emb_text)
    Reset_Handler                            0x08000199   Thumb Code     4  stm32f10x.o(.text)
    NMI_Handler                              0x0800019d   Thumb Code     2  stm32f10x.o(.text)
    HardFault_Handler                        0x0800019f   Thumb Code     2  stm32f10x.o(.text)
    MemManage_Handler                        0x080001a1   Thumb Code     2  stm32f10x.o(.text)
    BusFault_Handler                         0x080001a3   Thumb Code     2  stm32f10x.o(.text)
    UsageFault_Handler                       0x080001a5   Thumb Code     2  stm32f10x.o(.text)
    SVC_Handler                              0x080001a7   Thumb Code     2  stm32f10x.o(.text)
    DebugMon_Handler                         0x080001a9   Thumb Code     2  stm32f10x.o(.text)
    PendSV_Handler                           0x080001ab   Thumb Code     2  stm32f10x.o(.text)
    SysTick_Handler                          0x080001ad   Thumb Code     2  stm32f10x.o(.text)
    ADC_IRQHandler                           0x080001af   Thumb Code     0  stm32f10x.o(.text)
    CAN_RX1_IRQHandler                       0x080001af   Thumb Code     0  stm32f10x.o(.text)
    CAN_SCE_IRQHandler                       0x080001af   Thumb Code     0  stm32f10x.o(.text)
    DMAChannel1_IRQHandler                   0x080001af   Thumb Code     0  stm32f10x.o(.text)
    DMAChannel2_IRQHandler                   0x080001af   Thumb Code     0  stm32f10x.o(.text)
    DMAChannel3_IRQHandler                   0x080001af   Thumb Code     0  stm32f10x.o(.text)
    DMAChannel4_IRQHandler                   0x080001af   Thumb Code     0  stm32f10x.o(.text)
    DMAChannel5_IRQHandler                   0x080001af   Thumb Code     0  stm32f10x.o(.text)
    DMAChannel6_IRQHandler                   0x080001af   Thumb Code     0  stm32f10x.o(.text)
    DMAChannel7_IRQHandler                   0x080001af   Thumb Code     0  stm32f10x.o(.text)
    EXTI15_10_IRQHandler                     0x080001af   Thumb Code     0  stm32f10x.o(.text)
    EXTI2_IRQHandler                         0x080001af   Thumb Code     0  stm32f10x.o(.text)
    EXTI3_IRQHandler                         0x080001af   Thumb Code     0  stm32f10x.o(.text)
    FLASH_IRQHandler                         0x080001af   Thumb Code     0  stm32f10x.o(.text)
    I2C1_ER_IRQHandler                       0x080001af   Thumb Code     0  stm32f10x.o(.text)
    I2C1_EV_IRQHandler                       0x080001af   Thumb Code     0  stm32f10x.o(.text)
    I2C2_ER_IRQHandler                       0x080001af   Thumb Code     0  stm32f10x.o(.text)
    I2C2_EV_IRQHandler                       0x080001af   Thumb Code     0  stm32f10x.o(.text)
    PVD_IRQHandler                           0x080001af   Thumb Code     0  stm32f10x.o(.text)
    RCC_IRQHandler                           0x080001af   Thumb Code     0  stm32f10x.o(.text)
    RTCAlarm_IRQHandler                      0x080001af   Thumb Code     0  stm32f10x.o(.text)
    RTC_IRQHandler                           0x080001af   Thumb Code     0  stm32f10x.o(.text)
    SPI1_IRQHandler                          0x080001af   Thumb Code     0  stm32f10x.o(.text)
    SPI2_IRQHandler                          0x080001af   Thumb Code     0  stm32f10x.o(.text)
    TAMPER_IRQHandler                        0x080001af   Thumb Code     0  stm32f10x.o(.text)
    TIM1_BRK_IRQHandler                      0x080001af   Thumb Code     0  stm32f10x.o(.text)
    TIM1_CC_IRQHandler                       0x080001af   Thumb Code     0  stm32f10x.o(.text)
    TIM1_TRG_COM_IRQHandler                  0x080001af   Thumb Code     0  stm32f10x.o(.text)
    TIM1_UP_IRQHandler                       0x080001af   Thumb Code     0  stm32f10x.o(.text)
    TIM2_IRQHandler                          0x080001af   Thumb Code     0  stm32f10x.o(.text)
    TIM3_IRQHandler                          0x080001af   Thumb Code     0  stm32f10x.o(.text)
    TIM4_IRQHandler                          0x080001af   Thumb Code     0  stm32f10x.o(.text)
    USART1_IRQHandler                        0x080001af   Thumb Code     0  stm32f10x.o(.text)
    USART2_IRQHandler                        0x080001af   Thumb Code     0  stm32f10x.o(.text)
    USART3_IRQHandler                        0x080001af   Thumb Code     0  stm32f10x.o(.text)
    USBWakeUp_IRQHandler                     0x080001af   Thumb Code     0  stm32f10x.o(.text)
    USB_HP_CAN_TX_IRQHandler                 0x080001af   Thumb Code     0  stm32f10x.o(.text)
    USB_LP_CAN_RX0_IRQHandler                0x080001af   Thumb Code     0  stm32f10x.o(.text)
    WWDG_IRQHandler                          0x080001af   Thumb Code     0  stm32f10x.o(.text)
    __scatterload                            0x080001b5   Thumb Code    28  init.o(.text)
    __scatterload_rt2                        0x080001b5   Thumb Code     0  init.o(.text)
    EXTI0_IRQHandler                         0x080001d9   Thumb Code   138  main.o(i.EXTI0_IRQHandler)
    EXTI1_IRQHandler                         0x0800029d   Thumb Code    72  main.o(i.EXTI1_IRQHandler)
    EXTI4_IRQHandler                         0x080002f9   Thumb Code    70  main.o(i.EXTI4_IRQHandler)
    EXTI9_5_IRQHandler                       0x08000349   Thumb Code    70  main.o(i.EXTI9_5_IRQHandler)
    EXTI_ClearITPendingBit                   0x08000399   Thumb Code     6  stm32f10x_exti.o(i.EXTI_ClearITPendingBit)
    EXTI_GetITStatus                         0x080003a5   Thumb Code    34  stm32f10x_exti.o(i.EXTI_GetITStatus)
    EXTI_Init                                0x080003cd   Thumb Code   142  stm32f10x_exti.o(i.EXTI_Init)
    GPIO_EXTILineConfig                      0x08000465   Thumb Code    60  stm32f10x_gpio.o(i.GPIO_EXTILineConfig)
    GPIO_Init                                0x080004a5   Thumb Code   278  stm32f10x_gpio.o(i.GPIO_Init)
    GPIO_PinRemapConfig                      0x080005bd   Thumb Code    86  stm32f10x_gpio.o(i.GPIO_PinRemapConfig)
    GPIO_ReadInputDataBit                    0x08000619   Thumb Code    18  stm32f10x_gpio.o(i.GPIO_ReadInputDataBit)
    GPIO_WriteBit                            0x0800062b   Thumb Code    10  stm32f10x_gpio.o(i.GPIO_WriteBit)
    HighLedFlash                             0x08000635   Thumb Code    40  main.o(i.HighLedFlash)
    I2C_Start                                0x08000661   Thumb Code    56  oled.o(i.I2C_Start)
    I2C_Stop                                 0x0800069d   Thumb Code    38  oled.o(i.I2C_Stop)
    I2C_WaitAck                              0x080006c9   Thumb Code    46  oled.o(i.I2C_WaitAck)
    IIC_delay                                0x080006fd   Thumb Code    16  oled.o(i.IIC_delay)
    KeyContrlOled                            0x0800070d   Thumb Code     8  main.o(i.KeyContrlOled)
    Key_Init                                 0x08000715   Thumb Code   198  key.o(i.Key_Init)
    LED_Init                                 0x080007e1   Thumb Code    58  main.o(i.LED_Init)
    NVIC_Init                                0x08000821   Thumb Code   150  stm32f10x_nvic.o(i.NVIC_Init)
    NVIC_PriorityGroupConfig                 0x080008c5   Thumb Code    10  stm32f10x_nvic.o(i.NVIC_PriorityGroupConfig)
    NVIC_SetVectorTable                      0x080008d9   Thumb Code    20  stm32f10x_nvic.o(i.NVIC_SetVectorTable)
    OLED_Clear                               0x080008f5   Thumb Code    42  oled.o(i.OLED_Clear)
    OLED_DrawPoint                           0x08000925   Thumb Code   114  oled.o(i.OLED_DrawPoint)
    OLED_Init                                0x0800099d   Thumb Code   410  oled.o(i.OLED_Init)
    OLED_Refresh                             0x08000b49   Thumb Code   100  oled.o(i.OLED_Refresh)
    OLED_ShowChar                            0x08000bb1   Thumb Code   300  oled.o(i.OLED_ShowChar)
    OLED_ShowString                          0x08000ced   Thumb Code    74  oled.o(i.OLED_ShowString)
    OLED_WR_Byte                             0x08000d37   Thumb Code    56  oled.o(i.OLED_WR_Byte)
    RCC_APB1PeriphClockCmd                   0x08000d71   Thumb Code    26  stm32f10x_rcc.o(i.RCC_APB1PeriphClockCmd)
    RCC_APB2PeriphClockCmd                   0x08000d91   Thumb Code    26  stm32f10x_rcc.o(i.RCC_APB2PeriphClockCmd)
    RCC_DeInit                               0x08000db1   Thumb Code    78  stm32f10x_rcc.o(i.RCC_DeInit)
    RCC_GetClocksFreq                        0x08000e0d   Thumb Code   192  stm32f10x_rcc.o(i.RCC_GetClocksFreq)
    RCC_GetFlagStatus                        0x08000ee1   Thumb Code    56  stm32f10x_rcc.o(i.RCC_GetFlagStatus)
    RCC_GetSYSCLKSource                      0x08000f1d   Thumb Code    10  stm32f10x_rcc.o(i.RCC_GetSYSCLKSource)
    RCC_HCLKConfig                           0x08000f2d   Thumb Code    18  stm32f10x_rcc.o(i.RCC_HCLKConfig)
    RCC_HSEConfig                            0x08000f45   Thumb Code    70  stm32f10x_rcc.o(i.RCC_HSEConfig)
    RCC_PCLK1Config                          0x08000f91   Thumb Code    18  stm32f10x_rcc.o(i.RCC_PCLK1Config)
    RCC_PCLK2Config                          0x08000fa9   Thumb Code    20  stm32f10x_rcc.o(i.RCC_PCLK2Config)
    RCC_PLLCmd                               0x08000fc1   Thumb Code     6  stm32f10x_rcc.o(i.RCC_PLLCmd)
    RCC_PLLConfig                            0x08000fcd   Thumb Code    24  stm32f10x_rcc.o(i.RCC_PLLConfig)
    RCC_SYSCLKConfig                         0x08000fe9   Thumb Code    18  stm32f10x_rcc.o(i.RCC_SYSCLKConfig)
    Send_Byte                                0x08001001   Thumb Code    78  oled.o(i.Send_Byte)
    SerialPortInit                           0x08001055   Thumb Code   138  serial.o(i.SerialPortInit)
    SysTick_CLKSourceConfig                  0x080010e9   Thumb Code    40  stm32f10x_systick.o(i.SysTick_CLKSourceConfig)
    USART_Cmd                                0x08001111   Thumb Code    24  stm32f10x_usart.o(i.USART_Cmd)
    USART_Init                               0x08001129   Thumb Code   168  stm32f10x_usart.o(i.USART_Init)
    __scatterload_copy                       0x080011d5   Thumb Code    14  handlers.o(i.__scatterload_copy)
    __scatterload_null                       0x080011e3   Thumb Code     2  handlers.o(i.__scatterload_null)
    __scatterload_zeroinit                   0x080011e5   Thumb Code    14  handlers.o(i.__scatterload_zeroinit)
    main                                     0x080011f3   Thumb Code    22  main.o(i.main)
    main_delay_ms                            0x08001209   Thumb Code    32  main.o(i.main_delay_ms)
    pvPortMalloc                             0x08001671   Thumb Code   190  heap_2.o(i.pvPortMalloc)
    pxPortInitialiseStack                    0x08001741   Thumb Code    30  port.o(i.pxPortInitialiseStack)
    uxListRemove                             0x08001765   Thumb Code    40  list.o(i.uxListRemove)
    vApplicationGetIdleTaskMemory            0x0800178d   Thumb Code    14  main.o(i.vApplicationGetIdleTaskMemory)
    vApplicationIdleHook                     0x080017a5   Thumb Code     2  main.o(i.vApplicationIdleHook)
    vListInitialise                          0x080017a7   Thumb Code    26  list.o(i.vListInitialise)
    vListInitialiseItem                      0x080017c1   Thumb Code     6  list.o(i.vListInitialiseItem)
    vListInsert                              0x080017c7   Thumb Code    52  list.o(i.vListInsert)
    vListInsertEnd                           0x080017fb   Thumb Code    24  list.o(i.vListInsertEnd)
    vPortEnterCritical                       0x08001815   Thumb Code    30  port.o(i.vPortEnterCritical)
    vPortExitCritical                        0x08001839   Thumb Code    28  port.o(i.vPortExitCritical)
    vPortFree                                0x08001859   Thumb Code    56  heap_2.o(i.vPortFree)
    vPortSetupTimerInterrupt                 0x08001899   Thumb Code    20  port.o(i.vPortSetupTimerInterrupt)
    vTaskDelay                               0x080018b1   Thumb Code    46  tasks.o(i.vTaskDelay)
    vTaskDelete                              0x080018e5   Thumb Code   166  tasks.o(i.vTaskDelete)
    vTaskStartScheduler                      0x080019b1   Thumb Code   114  tasks.o(i.vTaskStartScheduler)
    vTaskSuspendAll                          0x08001a45   Thumb Code    12  tasks.o(i.vTaskSuspendAll)
    vTaskSwitchContext                       0x08001a55   Thumb Code    76  tasks.o(i.vTaskSwitchContext)
    xPortStartScheduler                      0x08001ab5   Thumb Code    42  port.o(i.xPortStartScheduler)
    xPortSysTickHandler                      0x08001ae9   Thumb Code    46  port.o(i.xPortSysTickHandler)
    xTaskCreate                              0x08001b1d   Thumb Code   100  tasks.o(i.xTaskCreate)
    xTaskCreateStatic                        0x08001b81   Thumb Code    78  tasks.o(i.xTaskCreateStatic)
    xTaskIncrementTick                       0x08001bd1   Thumb Code   356  tasks.o(i.xTaskIncrementTick)
    xTaskResumeAll                           0x08001d61   Thumb Code   310  tasks.o(i.xTaskResumeAll)
    asc2_0806                                0x08001ed0   Data         552  oled.o(.constdata)
    asc2_1206                                0x080020f8   Data        1140  oled.o(.constdata)
    asc2_1608                                0x0800256c   Data        1520  oled.o(.constdata)
    asc2_2412                                0x08002b5c   Data        3420  oled.o(.constdata)
    Hzk1                                     0x080038b8   Data         672  oled.o(.constdata)
    Hzk2                                     0x08003b58   Data          72  oled.o(.constdata)
    Hzk3                                     0x08003ba0   Data         128  oled.o(.constdata)
    Hzk4                                     0x08003c20   Data         512  oled.o(.constdata)
    Region$$Table$$Base                      0x08003e20   Number         0  anon$$obj.o(Region$$Table)
    Region$$Table$$Limit                     0x08003e40   Number         0  anon$$obj.o(Region$$Table)
    xHandleTCB1                              0x20000000   Data           4  main.o(.data)
    xHandleTCB2                              0x20000004   Data           4  main.o(.data)
    xHandleTCB3                              0x20000008   Data           4  main.o(.data)
    xHandleTCBGeneric                        0x2000000c   Data           4  main.o(.data)
    flag                                     0x20000010   Data           1  main.o(.data)
    pxCurrentTCB                             0x20000014   Data           4  tasks.o(.data)
    uxTopUsedPriority                        0x2000004c   Data           4  tasks.o(.data)
    xTask3Stack                              0x20000070   Data         400  main.o(.bss)
    xHandleTask3                             0x20000200   Data          76  main.o(.bss)
    xIdleTaskStack                           0x2000024c   Data         400  main.o(.bss)
    xIdleTaskTCB                             0x200003dc   Data          76  main.o(.bss)
    OLED_GRAM                                0x200048f0   Data        1152  oled.o(.bss)
    __initial_sp                             0x20004f70   Data           0  stm32f10x.o(STACK)



==============================================================================

Memory Map of the image

  Image Entry point : 0x080000ed

  Load Region LR_IROM1 (Base: 0x08000000, Size: 0x00003eb0, Max: 0x00010000, ABSOLUTE)

    Execution Region ER_IROM1 (Exec base: 0x08000000, Load base: 0x08000000, Size: 0x00003e40, Max: 0x00010000, ABSOLUTE)

    Exec Addr    Load Addr    Size         Type   Attr      Idx    E Section Name        Object

    0x08000000   0x08000000   0x000000ec   Data   RO            3    RESET               stm32f10x.o
    0x080000ec   0x080000ec   0x00000000   Code   RO         2336  * .ARM.Collect$$$$00000000  mc_w.l(entry.o)
    0x080000ec   0x080000ec   0x00000004   Code   RO         2343    .ARM.Collect$$$$00000001  mc_w.l(entry2.o)
    0x080000f0   0x080000f0   0x00000004   Code   RO         2346    .ARM.Collect$$$$00000004  mc_w.l(entry5.o)
    0x080000f4   0x080000f4   0x00000000   Code   RO         2348    .ARM.Collect$$$$00000008  mc_w.l(entry7b.o)
    0x080000f4   0x080000f4   0x00000000   Code   RO         2350    .ARM.Collect$$$$0000000A  mc_w.l(entry8b.o)
    0x080000f4   0x080000f4   0x00000008   Code   RO         2351    .ARM.Collect$$$$0000000B  mc_w.l(entry9a.o)
    0x080000fc   0x080000fc   0x00000000   Code   RO         2353    .ARM.Collect$$$$0000000D  mc_w.l(entry10a.o)
    0x080000fc   0x080000fc   0x00000000   Code   RO         2355    .ARM.Collect$$$$0000000F  mc_w.l(entry11a.o)
    0x080000fc   0x080000fc   0x00000004   Code   RO         2344    .ARM.Collect$$$$00002712  mc_w.l(entry2.o)
    0x08000100   0x08000100   0x00000096   Code   RO         2049    .emb_text           port.o
    0x08000196   0x08000196   0x00000002   PAD
    0x08000198   0x08000198   0x0000001c   Code   RO            4    .text               stm32f10x.o
    0x080001b4   0x080001b4   0x00000024   Code   RO         2357    .text               mc_w.l(init.o)
    0x080001d8   0x080001d8   0x000000c4   Code   RO         1414    i.EXTI0_IRQHandler  main.o
    0x0800029c   0x0800029c   0x0000005c   Code   RO         1415    i.EXTI1_IRQHandler  main.o
    0x080002f8   0x080002f8   0x00000050   Code   RO         1416    i.EXTI4_IRQHandler  main.o
    0x08000348   0x08000348   0x00000050   Code   RO         1417    i.EXTI9_5_IRQHandler  main.o
    0x08000398   0x08000398   0x0000000c   Code   RO         1297    i.EXTI_ClearITPendingBit  stm32f10x_exti.o
    0x080003a4   0x080003a4   0x00000028   Code   RO         1301    i.EXTI_GetITStatus  stm32f10x_exti.o
    0x080003cc   0x080003cc   0x00000098   Code   RO         1302    i.EXTI_Init         stm32f10x_exti.o
    0x08000464   0x08000464   0x00000040   Code   RO          190    i.GPIO_EXTILineConfig  stm32f10x_gpio.o
    0x080004a4   0x080004a4   0x00000116   Code   RO          193    i.GPIO_Init         stm32f10x_gpio.o
    0x080005ba   0x080005ba   0x00000002   PAD
    0x080005bc   0x080005bc   0x0000005c   Code   RO          195    i.GPIO_PinRemapConfig  stm32f10x_gpio.o
    0x08000618   0x08000618   0x00000012   Code   RO          197    i.GPIO_ReadInputDataBit  stm32f10x_gpio.o
    0x0800062a   0x0800062a   0x0000000a   Code   RO          202    i.GPIO_WriteBit     stm32f10x_gpio.o
    0x08000634   0x08000634   0x0000002c   Code   RO         1418    i.HighLedFlash      main.o
    0x08000660   0x08000660   0x0000003c   Code   RO         2164    i.I2C_Start         oled.o
    0x0800069c   0x0800069c   0x0000002c   Code   RO         2165    i.I2C_Stop          oled.o
    0x080006c8   0x080006c8   0x00000034   Code   RO         2166    i.I2C_WaitAck       oled.o
    0x080006fc   0x080006fc   0x00000010   Code   RO         2167    i.IIC_delay         oled.o
    0x0800070c   0x0800070c   0x00000008   Code   RO         1419    i.KeyContrlOled     main.o
    0x08000714   0x08000714   0x000000cc   Code   RO         2324    i.Key_Init          key.o
    0x080007e0   0x080007e0   0x00000040   Code   RO         1420    i.LED_Init          main.o
    0x08000820   0x08000820   0x000000a4   Code   RO          327    i.NVIC_Init         stm32f10x_nvic.o
    0x080008c4   0x080008c4   0x00000014   Code   RO          328    i.NVIC_PriorityGroupConfig  stm32f10x_nvic.o
    0x080008d8   0x080008d8   0x0000001c   Code   RO          336    i.NVIC_SetVectorTable  stm32f10x_nvic.o
    0x080008f4   0x080008f4   0x00000030   Code   RO         2168    i.OLED_Clear        oled.o
    0x08000924   0x08000924   0x00000078   Code   RO         2175    i.OLED_DrawPoint    oled.o
    0x0800099c   0x0800099c   0x000001ac   Code   RO         2176    i.OLED_Init         oled.o
    0x08000b48   0x08000b48   0x00000068   Code   RO         2178    i.OLED_Refresh      oled.o
    0x08000bb0   0x08000bb0   0x0000013c   Code   RO         2180    i.OLED_ShowChar     oled.o
    0x08000cec   0x08000cec   0x0000004a   Code   RO         2184    i.OLED_ShowString   oled.o
    0x08000d36   0x08000d36   0x00000038   Code   RO         2185    i.OLED_WR_Byte      oled.o
    0x08000d6e   0x08000d6e   0x00000002   PAD
    0x08000d70   0x08000d70   0x00000020   Code   RO          499    i.RCC_APB1PeriphClockCmd  stm32f10x_rcc.o
    0x08000d90   0x08000d90   0x00000020   Code   RO          501    i.RCC_APB2PeriphClockCmd  stm32f10x_rcc.o
    0x08000db0   0x08000db0   0x0000005c   Code   RO          508    i.RCC_DeInit        stm32f10x_rcc.o
    0x08000e0c   0x08000e0c   0x000000d4   Code   RO          509    i.RCC_GetClocksFreq  stm32f10x_rcc.o
    0x08000ee0   0x08000ee0   0x0000003c   Code   RO          510    i.RCC_GetFlagStatus  stm32f10x_rcc.o
    0x08000f1c   0x08000f1c   0x00000010   Code   RO          512    i.RCC_GetSYSCLKSource  stm32f10x_rcc.o
    0x08000f2c   0x08000f2c   0x00000018   Code   RO          513    i.RCC_HCLKConfig    stm32f10x_rcc.o
    0x08000f44   0x08000f44   0x0000004c   Code   RO          514    i.RCC_HSEConfig     stm32f10x_rcc.o
    0x08000f90   0x08000f90   0x00000018   Code   RO          520    i.RCC_PCLK1Config   stm32f10x_rcc.o
    0x08000fa8   0x08000fa8   0x00000018   Code   RO          521    i.RCC_PCLK2Config   stm32f10x_rcc.o
    0x08000fc0   0x08000fc0   0x0000000c   Code   RO          522    i.RCC_PLLCmd        stm32f10x_rcc.o
    0x08000fcc   0x08000fcc   0x0000001c   Code   RO          523    i.RCC_PLLConfig     stm32f10x_rcc.o
    0x08000fe8   0x08000fe8   0x00000018   Code   RO          526    i.RCC_SYSCLKConfig  stm32f10x_rcc.o
    0x08001000   0x08001000   0x00000054   Code   RO         2186    i.Send_Byte         oled.o
    0x08001054   0x08001054   0x00000094   Code   RO         1350    i.SerialPortInit    serial.o
    0x080010e8   0x080010e8   0x00000028   Code   RO          817    i.SysTick_CLKSourceConfig  stm32f10x_systick.o
    0x08001110   0x08001110   0x00000018   Code   RO           15    i.USART_Cmd         stm32f10x_usart.o
    0x08001128   0x08001128   0x000000ac   Code   RO           22    i.USART_Init        stm32f10x_usart.o
    0x080011d4   0x080011d4   0x0000000e   Code   RO         2361    i.__scatterload_copy  mc_w.l(handlers.o)
    0x080011e2   0x080011e2   0x00000002   Code   RO         2362    i.__scatterload_null  mc_w.l(handlers.o)
    0x080011e4   0x080011e4   0x0000000e   Code   RO         2363    i.__scatterload_zeroinit  mc_w.l(handlers.o)
    0x080011f2   0x080011f2   0x00000016   Code   RO         1421    i.main              main.o
    0x08001208   0x08001208   0x00000020   Code   RO         1422    i.main_delay_ms     main.o
    0x08001228   0x08001228   0x000000c0   Code   RO         1545    i.prvAddCurrentTaskToDelayedList  tasks.o
    0x080012e8   0x080012e8   0x000000e4   Code   RO         1546    i.prvAddNewTaskToReadyList  tasks.o
    0x080013cc   0x080013cc   0x00000048   Code   RO         1547    i.prvCheckTasksWaitingTermination  tasks.o
    0x08001414   0x08001414   0x00000028   Code   RO         1548    i.prvDeleteTCB      tasks.o
    0x0800143c   0x0800143c   0x00000038   Code   RO         2126    i.prvHeapInit       heap_2.o
    0x08001474   0x08001474   0x0000002c   Code   RO         1549    i.prvIdleTask       tasks.o
    0x080014a0   0x080014a0   0x0000008a   Code   RO         1550    i.prvInitialiseNewTask  tasks.o
    0x0800152a   0x0800152a   0x00000002   PAD
    0x0800152c   0x0800152c   0x00000068   Code   RO         1551    i.prvInitialiseTaskLists  tasks.o
    0x08001594   0x08001594   0x00000030   Code   RO         1552    i.prvResetNextTaskUnblockTime  tasks.o
    0x080015c4   0x080015c4   0x00000094   Code   RO         1423    i.prvSetupHardware  main.o
    0x08001658   0x08001658   0x00000016   Code   RO         2050    i.prvTaskExitError  port.o
    0x0800166e   0x0800166e   0x00000002   PAD
    0x08001670   0x08001670   0x000000d0   Code   RO         2127    i.pvPortMalloc      heap_2.o
    0x08001740   0x08001740   0x00000024   Code   RO         2051    i.pxPortInitialiseStack  port.o
    0x08001764   0x08001764   0x00000028   Code   RO         1857    i.uxListRemove      list.o
    0x0800178c   0x0800178c   0x00000018   Code   RO         1424    i.vApplicationGetIdleTaskMemory  main.o
    0x080017a4   0x080017a4   0x00000002   Code   RO         1425    i.vApplicationIdleHook  main.o
    0x080017a6   0x080017a6   0x0000001a   Code   RO         1858    i.vListInitialise   list.o
    0x080017c0   0x080017c0   0x00000006   Code   RO         1859    i.vListInitialiseItem  list.o
    0x080017c6   0x080017c6   0x00000034   Code   RO         1860    i.vListInsert       list.o
    0x080017fa   0x080017fa   0x00000018   Code   RO         1861    i.vListInsertEnd    list.o
    0x08001812   0x08001812   0x00000002   PAD
    0x08001814   0x08001814   0x00000024   Code   RO         2053    i.vPortEnterCritical  port.o
    0x08001838   0x08001838   0x00000020   Code   RO         2054    i.vPortExitCritical  port.o
    0x08001858   0x08001858   0x00000040   Code   RO         2128    i.vPortFree         heap_2.o
    0x08001898   0x08001898   0x00000018   Code   RO         2055    i.vPortSetupTimerInterrupt  port.o
    0x080018b0   0x080018b0   0x00000034   Code   RO         1560    i.vTaskDelay        tasks.o
    0x080018e4   0x080018e4   0x000000cc   Code   RO         1561    i.vTaskDelete       tasks.o
    0x080019b0   0x080019b0   0x00000094   Code   RO         1572    i.vTaskStartScheduler  tasks.o
    0x08001a44   0x08001a44   0x00000010   Code   RO         1574    i.vTaskSuspendAll   tasks.o
    0x08001a54   0x08001a54   0x00000060   Code   RO         1575    i.vTaskSwitchContext  tasks.o
    0x08001ab4   0x08001ab4   0x00000034   Code   RO         2056    i.xPortStartScheduler  port.o
    0x08001ae8   0x08001ae8   0x00000034   Code   RO         2057    i.xPortSysTickHandler  port.o
    0x08001b1c   0x08001b1c   0x00000064   Code   RO         1578    i.xTaskCreate       tasks.o
    0x08001b80   0x08001b80   0x0000004e   Code   RO         1579    i.xTaskCreateStatic  tasks.o
    0x08001bce   0x08001bce   0x00000002   PAD
    0x08001bd0   0x08001bd0   0x00000190   Code   RO         1587    i.xTaskIncrementTick  tasks.o
    0x08001d60   0x08001d60   0x0000015c   Code   RO         1589    i.xTaskResumeAll    tasks.o
    0x08001ebc   0x08001ebc   0x00000014   Data   RO          528    .constdata          stm32f10x_rcc.o
    0x08001ed0   0x08001ed0   0x00001f50   Data   RO         2188    .constdata          oled.o
    0x08003e20   0x08003e20   0x00000020   Data   RO         2359    Region$$Table       anon$$obj.o


    Execution Region RW_IRAM1 (Exec base: 0x20000000, Load base: 0x08003e40, Size: 0x00004f70, Max: 0x00005000, ABSOLUTE)

    Exec Addr    Load Addr    Size         Type   Attr      Idx    E Section Name        Object

    0x20000000   0x08003e40   0x00000011   Data   RW         1427    .data               main.o
    0x20000011   0x08003e51   0x00000003   PAD
    0x20000014   0x08003e54   0x00000040   Data   RW         1592    .data               tasks.o
    0x20000054   0x08003e94   0x00000004   Data   RW         2058    .data               port.o
    0x20000058   0x08003e98   0x00000018   Data   RW         2132    .data               heap_2.o
    0x20000070        -       0x000003b8   Zero   RW         1426    .bss                main.o
    0x20000428        -       0x000000c8   Zero   RW         1591    .bss                tasks.o
    0x200004f0        -       0x00004400   Zero   RW         2131    .bss                heap_2.o
    0x200048f0        -       0x00000480   Zero   RW         2187    .bss                oled.o
    0x20004d70        -       0x00000200   Zero   RW            1    STACK               stm32f10x.o


==============================================================================

Image component sizes


      Code (inc. data)   RO Data    RW Data    ZI Data      Debug   Object Name

       328         40          0         24      17408       3743   heap_2.o
       204          6          0          0          0        623   key.o
       148          0          0          0          0       3330   list.o
       792        124          0         17        952      18896   main.o
      1402         72       8016          0       1152       8699   oled.o
       404         48          0          4          0       9592   port.o
       148         10          0          0          0      18061   serial.o
        28          4        236          0        512        800   stm32f10x.o
       204         22          0          0          0       2184   stm32f10x_exti.o
       462         10          0          0          0       9172   stm32f10x_gpio.o
         0          0          0          0          0       8312   stm32f10x_lib.o
       212         32          0          0          0       2397   stm32f10x_nvic.o
       656         94         20          0          0       9830   stm32f10x_rcc.o
        40          0          0          0          0        550   stm32f10x_systick.o
       196          4          0          0          0      25721   stm32f10x_usart.o
      2308        302          0         64        200      39421   tasks.o

    ----------------------------------------------------------------------
      7546        768       8304        112      20224     161331   Object Totals
         0          0         32          0          0          0   (incl. Generated)
        14          0          0          3          0          0   (incl. Padding)

    ----------------------------------------------------------------------

      Code (inc. data)   RO Data    RW Data    ZI Data      Debug   Library Member Name

         0          0          0          0          0          0   entry.o
         0          0          0          0          0          0   entry10a.o
         0          0          0          0          0          0   entry11a.o
         8          4          0          0          0          0   entry2.o
         4          0          0          0          0          0   entry5.o
         0          0          0          0          0          0   entry7b.o
         0          0          0          0          0          0   entry8b.o
         8          4          0          0          0          0   entry9a.o
        30          0          0          0          0          0   handlers.o
        36          8          0          0          0         68   init.o

    ----------------------------------------------------------------------
        86         16          0          0          0         68   Library Totals
         0          0          0          0          0          0   (incl. Padding)

    ----------------------------------------------------------------------

      Code (inc. data)   RO Data    RW Data    ZI Data      Debug   Library Name

        86         16          0          0          0         68   mc_w.l

    ----------------------------------------------------------------------
        86         16          0          0          0         68   Library Totals

    ----------------------------------------------------------------------

==============================================================================


      Code (inc. data)   RO Data    RW Data    ZI Data      Debug   

      7632        784       8304        112      20224     157339   Grand Totals
      7632        784       8304        112      20224     157339   ELF Image Totals
      7632        784       8304        112          0          0   ROM Totals

==============================================================================

    Total RO  Size (Code + RO Data)                15936 (  15.56kB)
    Total RW  Size (RW Data + ZI Data)             20336 (  19.86kB)
    Total ROM Size (Code + RO Data + RW Data)      16048 (  15.67kB)

==============================================================================

